Archive member included to satisfy reference by file (symbol)

/Users/vinz/MaximSDK/Libraries/PeriphDrivers/bin/MAX78000/softfp/libPeriphDriver_softfp.a(mxc_delay.o)
                              /Users/vinz/eclipse-workspace/intelnet/build/main.o (MXC_Delay)
/Users/vinz/MaximSDK/Libraries/PeriphDrivers/bin/MAX78000/softfp/libPeriphDriver_softfp.a(pins_ai85.o)
                              /Users/vinz/eclipse-workspace/intelnet/build/camera.o (gpio_cfg_pcif_xclk)
/Users/vinz/MaximSDK/Libraries/PeriphDrivers/bin/MAX78000/softfp/libPeriphDriver_softfp.a(sys_ai85.o)
                              /Users/vinz/eclipse-workspace/intelnet/build/cnn.o (MXC_SYS_ClockDisable)
/Users/vinz/MaximSDK/Libraries/PeriphDrivers/bin/MAX78000/softfp/libPeriphDriver_softfp.a(nvic_table.o)
                              /Users/vinz/eclipse-workspace/intelnet/build/cnn.o (MXC_NVIC_SetVector)
/Users/vinz/MaximSDK/Libraries/PeriphDrivers/bin/MAX78000/softfp/libPeriphDriver_softfp.a(cameraif_ai85.o)
                              /Users/vinz/eclipse-workspace/intelnet/build/camera.o (MXC_PCIF_Init)
/Users/vinz/MaximSDK/Libraries/PeriphDrivers/bin/MAX78000/softfp/libPeriphDriver_softfp.a(cameraif_reva.o)
                              /Users/vinz/MaximSDK/Libraries/PeriphDrivers/bin/MAX78000/softfp/libPeriphDriver_softfp.a(cameraif_ai85.o) (MXC_PCIF_RevA_SetDatawidth)
/Users/vinz/MaximSDK/Libraries/PeriphDrivers/bin/MAX78000/softfp/libPeriphDriver_softfp.a(dma_me17.o)
                              /Users/vinz/eclipse-workspace/intelnet/build/main.o (MXC_DMA_Init)
/Users/vinz/MaximSDK/Libraries/PeriphDrivers/bin/MAX78000/softfp/libPeriphDriver_softfp.a(dma_reva.o)
                              /Users/vinz/MaximSDK/Libraries/PeriphDrivers/bin/MAX78000/softfp/libPeriphDriver_softfp.a(dma_me17.o) (MXC_DMA_RevA_Init)
/Users/vinz/MaximSDK/Libraries/PeriphDrivers/bin/MAX78000/softfp/libPeriphDriver_softfp.a(flc_me17.o)
                              /Users/vinz/MaximSDK/Libraries/PeriphDrivers/bin/MAX78000/softfp/libPeriphDriver_softfp.a(sys_ai85.o) (MXC_FLC_UnlockInfoBlock)
/Users/vinz/MaximSDK/Libraries/PeriphDrivers/bin/MAX78000/softfp/libPeriphDriver_softfp.a(flc_reva.o)
                              /Users/vinz/MaximSDK/Libraries/PeriphDrivers/bin/MAX78000/softfp/libPeriphDriver_softfp.a(flc_me17.o) (MXC_FLC_RevA_Busy)
/Users/vinz/MaximSDK/Libraries/PeriphDrivers/bin/MAX78000/softfp/libPeriphDriver_softfp.a(gpio_ai85.o)
                              /Users/vinz/eclipse-workspace/intelnet/build/cnn.o (MXC_GPIO_Config)
/Users/vinz/MaximSDK/Libraries/PeriphDrivers/bin/MAX78000/softfp/libPeriphDriver_softfp.a(gpio_reva.o)
                              /Users/vinz/MaximSDK/Libraries/PeriphDrivers/bin/MAX78000/softfp/libPeriphDriver_softfp.a(gpio_ai85.o) (MXC_GPIO_RevA_InGet)
/Users/vinz/MaximSDK/Libraries/PeriphDrivers/bin/MAX78000/softfp/libPeriphDriver_softfp.a(i2c_me17.o)
                              /Users/vinz/eclipse-workspace/intelnet/build/max20303.o (MXC_I2C_Init)
/Users/vinz/MaximSDK/Libraries/PeriphDrivers/bin/MAX78000/softfp/libPeriphDriver_softfp.a(i2c_reva.o)
                              /Users/vinz/MaximSDK/Libraries/PeriphDrivers/bin/MAX78000/softfp/libPeriphDriver_softfp.a(i2c_me17.o) (MXC_I2C_RevA_DMACallback)
/Users/vinz/MaximSDK/Libraries/PeriphDrivers/bin/MAX78000/softfp/libPeriphDriver_softfp.a(icc_me17.o)
                              /Users/vinz/eclipse-workspace/intelnet/build/main.o (MXC_ICC_Enable)
/Users/vinz/MaximSDK/Libraries/PeriphDrivers/bin/MAX78000/softfp/libPeriphDriver_softfp.a(icc_reva.o)
                              /Users/vinz/MaximSDK/Libraries/PeriphDrivers/bin/MAX78000/softfp/libPeriphDriver_softfp.a(icc_me17.o) (MXC_ICC_RevA_ID)
/Users/vinz/MaximSDK/Libraries/PeriphDrivers/bin/MAX78000/softfp/libPeriphDriver_softfp.a(pt_me17.o)
                              /Users/vinz/eclipse-workspace/intelnet/build/camera.o (MXC_PT_Init)
/Users/vinz/MaximSDK/Libraries/PeriphDrivers/bin/MAX78000/softfp/libPeriphDriver_softfp.a(pt_reva.o)
                              /Users/vinz/MaximSDK/Libraries/PeriphDrivers/bin/MAX78000/softfp/libPeriphDriver_softfp.a(pt_me17.o) (MXC_PT_RevA_Init)
/Users/vinz/MaximSDK/Libraries/PeriphDrivers/bin/MAX78000/softfp/libPeriphDriver_softfp.a(spi_me17.o)
                              /Users/vinz/eclipse-workspace/intelnet/build/tft_ili9341.o (MXC_SPI_Init)
/Users/vinz/MaximSDK/Libraries/PeriphDrivers/bin/MAX78000/softfp/libPeriphDriver_softfp.a(spi_reva.o)
                              /Users/vinz/MaximSDK/Libraries/PeriphDrivers/bin/MAX78000/softfp/libPeriphDriver_softfp.a(spi_me17.o) (MXC_SPI_RevA_Init)
/Users/vinz/MaximSDK/Libraries/PeriphDrivers/bin/MAX78000/softfp/libPeriphDriver_softfp.a(tmr_ai85.o)
                              /Users/vinz/eclipse-workspace/intelnet/build/cnn.o (MXC_TMR_SW_Start)
/Users/vinz/MaximSDK/Libraries/PeriphDrivers/bin/MAX78000/softfp/libPeriphDriver_softfp.a(tmr_revb.o)
[...]
Memory Configuration

Name             Origin             Length             Attributes
ROM              0x0000000000000000 0x0000000000010000 xr
FLASH            0x0000000010000000 0x0000000000080000 xr
SRAM             0x0000000020000000 0x0000000000020000 xrw
*default*        0x0000000000000000 0xffffffffffffffff

Linker script and memory map

LOAD /Users/vinz/MaximSDK/Tools/GNUTools/10.3/bin/../lib/gcc/arm-none-eabi/10.3.1/thumb/v7e-m+fp/softfp/crti.o
LOAD /Users/vinz/MaximSDK/Tools/GNUTools/10.3/bin/../lib/gcc/arm-none-eabi/10.3.1/thumb/v7e-m+fp/softfp/crtbegin.o
LOAD /Users/vinz/MaximSDK/Tools/GNUTools/10.3/bin/../lib/gcc/arm-none-eabi/10.3.1/../../../../arm-none-eabi/lib/thumb/v7e-m+fp/softfp/crt0.o
LOAD /Users/vinz/eclipse-workspace/intelnet/build/main.o
LOAD /Users/vinz/eclipse-workspace/intelnet/build/cnn.o
LOAD /Users/vinz/eclipse-workspace/intelnet/build/softmax.o
LOAD /Users/vinz/eclipse-workspace/intelnet/build/board.o
LOAD /Users/vinz/eclipse-workspace/intelnet/build/stdio.o
LOAD /Users/vinz/eclipse-workspace/intelnet/build/led.o
LOAD /Users/vinz/eclipse-workspace/intelnet/build/pb.o
LOAD /Users/vinz/eclipse-workspace/intelnet/build/tft_ili9341.o
LOAD /Users/vinz/eclipse-workspace/intelnet/build/camera.o
LOAD /Users/vinz/eclipse-workspace/intelnet/build/ov7692.o
LOAD /Users/vinz/eclipse-workspace/intelnet/build/sccb.o
LOAD /Users/vinz/eclipse-workspace/intelnet/build/max20303.o
LOAD /Users/vinz/eclipse-workspace/intelnet/build/max9867.o
LOAD /Users/vinz/eclipse-workspace/intelnet/build/startup_max78000.o
LOAD /Users/vinz/eclipse-workspace/intelnet/build/heap.o
LOAD /Users/vinz/eclipse-workspace/intelnet/build/system_max78000.o
START GROUP
LOAD /Users/vinz/MaximSDK/Libraries/PeriphDrivers/bin/MAX78000/softfp/libPeriphDriver_softfp.a
LOAD /Users/vinz/MaximSDK/Tools/GNUTools/10.3/bin/../lib/gcc/arm-none-eabi/10.3.1/../../../../arm-none-eabi/lib/thumb/v7e-m+fp/softfp/libc.a
LOAD /Users/vinz/MaximSDK/Tools/GNUTools/10.3/bin/../lib/gcc/arm-none-eabi/10.3.1/../../../../arm-none-eabi/lib/thumb/v7e-m+fp/softfp/libm.a
LOAD /Users/vinz/MaximSDK/Tools/GNUTools/10.3/bin/../lib/gcc/arm-none-eabi/10.3.1/../../../../arm-none-eabi/lib/thumb/v7e-m+fp/softfp/libnosys.a
END GROUP
START GROUP
LOAD /Users/vinz/MaximSDK/Tools/GNUTools/10.3/bin/../lib/gcc/arm-none-eabi/10.3.1/thumb/v7e-m+fp/softfp/libgcc.a
LOAD /Users/vinz/MaximSDK/Tools/GNUTools/10.3/bin/../lib/gcc/arm-none-eabi/10.3.1/../../../../arm-none-eabi/lib/thumb/v7e-m+fp/softfp/libc.a
END GROUP
LOAD /Users/vinz/MaximSDK/Tools/GNUTools/10.3/bin/../lib/gcc/arm-none-eabi/10.3.1/thumb/v7e-m+fp/softfp/crtend.o
LOAD /Users/vinz/MaximSDK/Tools/GNUTools/10.3/bin/../lib/gcc/arm-none-eabi/10.3.1/thumb/v7e-m+fp/softfp/crtn.o

.rom
 *(.rom_vector)
 *(.rom_handlers*)

.text           0x0000000010000000    0x1d804
                0x0000000010000000                _text = .
 *(.isr_vector)
 .isr_vector    0x0000000010000000      0x1e0 /Users/vinz/eclipse-workspace/intelnet/build/startup_max78000.o
                0x0000000010000000                __isr_vector
 *(.text*)
 .text          0x00000000100001e0       0x40 /Users/vinz/MaximSDK/Tools/GNUTools/10.3/bin/../lib/gcc/arm-none-eabi/10.3.1/thumb/v7e-m+fp/softfp/crtbegin.o
 .text.capture_process_camera
                0x0000000010000220       0xa4 /Users/vinz/eclipse-workspace/intelnet/build/main.o
                0x0000000010000220                capture_process_camera
 .text.startup.main
                0x00000000100002c4      0x1d0 /Users/vinz/eclipse-workspace/intelnet/build/main.o
                0x00000000100002c4                main
 .text.CNN_ISR  0x0000000010000494       0x50 /Users/vinz/eclipse-workspace/intelnet/build/cnn.o
                0x0000000010000494                CNN_ISR
 .text.cnn_stop
                0x00000000100004e4       0x14 /Users/vinz/eclipse-workspace/intelnet/build/cnn.o
                0x00000000100004e4                cnn_stop
 .text.memcpy32
                0x00000000100004f8       0x1c /Users/vinz/eclipse-workspace/intelnet/build/cnn.o
                0x00000000100004f8                memcpy32
 .text.cnn_load_weights
                0x0000000010000514       0x4c /Users/vinz/eclipse-workspace/intelnet/build/cnn.o
                0x0000000010000514                cnn_load_weights
 .text.cnn_load_bias
                0x0000000010000560       0x8c /Users/vinz/eclipse-workspace/intelnet/build/cnn.o
                0x0000000010000560                cnn_load_bias
 .text.cnn_init
                0x00000000100005ec       0x54 /Users/vinz/eclipse-workspace/intelnet/build/cnn.o
                0x00000000100005ec                cnn_init
 .text.cnn_configure
                0x0000000010000640      0x698 /Users/vinz/eclipse-workspace/intelnet/build/cnn.o
                0x0000000010000640                cnn_configure
 .text.cnn_start
                0x0000000010000cd8       0x54 /Users/vinz/eclipse-workspace/intelnet/build/cnn.o
                0x0000000010000cd8                cnn_start
 .text.cnn_unload
                0x0000000010000d2c       0x28 /Users/vinz/eclipse-workspace/intelnet/build/cnn.o
                0x0000000010000d2c                cnn_unload
 .text.cnn_enable
                0x0000000010000d54       0x3c /Users/vinz/eclipse-workspace/intelnet/build/cnn.o
                0x0000000010000d54                cnn_enable
 .text.cnn_boost_enable
                0x0000000010000d90       0x24 /Users/vinz/eclipse-workspace/intelnet/build/cnn.o
                0x0000000010000d90                cnn_boost_enable
 .text.softmax_q17p14_q15
                0x0000000010000db4       0xa8 /Users/vinz/eclipse-workspace/intelnet/build/softmax.o
                0x0000000010000db4                softmax_q17p14_q15
 .text.mxc_assert
                0x0000000010000e5c       0x10 /Users/vinz/eclipse-workspace/intelnet/build/board.o
                0x0000000010000e5c                mxc_assert
 .text.Board_Init
                0x0000000010000e6c       0x6c /Users/vinz/eclipse-workspace/intelnet/build/board.o
                0x0000000010000e6c                Board_Init
 .text.NMI_Handler
                0x0000000010000ed8        0x4 /Users/vinz/eclipse-workspace/intelnet/build/board.o
                0x0000000010000ed8                NMI_Handler
 .text.Camera_Power
                0x0000000010000edc       0x1c /Users/vinz/eclipse-workspace/intelnet/build/board.o
                0x0000000010000edc                Camera_Power
 .text._close   0x0000000010000ef8        0x8 /Users/vinz/eclipse-workspace/intelnet/build/stdio.o
                0x0000000010000ef8                _close
 .text._isatty  0x0000000010000f00        0x8 /Users/vinz/eclipse-workspace/intelnet/build/stdio.o
                0x0000000010000f00                _isatty
 .text._lseek   0x0000000010000f08        0x8 /Users/vinz/eclipse-workspace/intelnet/build/stdio.o
                0x0000000010000f08                _lseek
 .text._fstat   0x0000000010000f10        0x8 /Users/vinz/eclipse-workspace/intelnet/build/stdio.o
                0x0000000010000f10                _fstat
 .text._read    0x0000000010000f18       0x50 /Users/vinz/eclipse-workspace/intelnet/build/stdio.o
                0x0000000010000f18                _read
 .text._write   0x0000000010000f68       0x54 /Users/vinz/eclipse-workspace/intelnet/build/stdio.o
                0x0000000010000f68                _write
 .text.LED_Init
                0x0000000010000fbc       0x40 /Users/vinz/eclipse-workspace/intelnet/build/led.o
                0x0000000010000fbc                LED_Init
 .text.LED_On   0x0000000010000ffc       0x40 /Users/vinz/eclipse-workspace/intelnet/build/led.o
                0x0000000010000ffc                LED_On
 .text.LED_Off  0x000000001000103c       0x40 /Users/vinz/eclipse-workspace/intelnet/build/led.o
                0x000000001000103c                LED_Off
 .text.PB_Init  0x000000001000107c       0x38 /Users/vinz/eclipse-workspace/intelnet/build/pb.o
                0x000000001000107c                PB_Init
 .text.GPIO0_IRQHandler
                0x00000000100010b4        0x8 /Users/vinz/eclipse-workspace/intelnet/build/pb.o
                0x00000000100010b4                GPIO0_IRQHandler
 .text.GPIO1_IRQHandler
                0x00000000100010bc        0x8 /Users/vinz/eclipse-workspace/intelnet/build/pb.o
                0x00000000100010bc                GPIO1_IRQHandler
 .text.GPIO2_IRQHandler
                0x00000000100010c4        0x8 /Users/vinz/eclipse-workspace/intelnet/build/pb.o
                0x00000000100010c4                GPIO2_IRQHandler
 .text.PB_Get   0x00000000100010cc       0x44 /Users/vinz/eclipse-workspace/intelnet/build/pb.o
                0x00000000100010cc                PB_Get
 .text.camera_irq_handler
                0x0000000010001110      0x13c /Users/vinz/eclipse-workspace/intelnet/build/camera.o
                0x0000000010001110                camera_irq_handler
 .text.stream_callback
                0x000000001000124c       0xbc /Users/vinz/eclipse-workspace/intelnet/build/camera.o
 .text.setup_dma
                0x0000000010001308       0x94 /Users/vinz/eclipse-workspace/intelnet/build/camera.o
 .text.stream_irq_handler
                0x000000001000139c        0x4 /Users/vinz/eclipse-workspace/intelnet/build/camera.o
                0x000000001000139c                stream_irq_handler
 .text.camera_init
                0x00000000100013a0      0x12c /Users/vinz/eclipse-workspace/intelnet/build/camera.o
                0x00000000100013a0                camera_init
 .text.camera_setup
                0x00000000100014cc      0x1d8 /Users/vinz/eclipse-workspace/intelnet/build/camera.o
                0x00000000100014cc                camera_setup
 .text.camera_write_reg
                0x00000000100016a4        0xc /Users/vinz/eclipse-workspace/intelnet/build/camera.o
                0x00000000100016a4                camera_write_reg
 .text.camera_start_capture_image
                0x00000000100016b0       0x3c /Users/vinz/eclipse-workspace/intelnet/build/camera.o
                0x00000000100016b0                camera_start_capture_image
 .text.camera_is_image_rcv
                0x00000000100016ec       0x10 /Users/vinz/eclipse-workspace/intelnet/build/camera.o
                0x00000000100016ec                camera_is_image_rcv
 .text.camera_get_image
                0x00000000100016fc       0x3c /Users/vinz/eclipse-workspace/intelnet/build/camera.o
                0x00000000100016fc                camera_get_image
 .text.get_camera_stream_buffer
                0x0000000010001738        0xc /Users/vinz/eclipse-workspace/intelnet/build/camera.o
                0x0000000010001738                get_camera_stream_buffer
 .text.release_camera_stream_buffer
                0x0000000010001744        0xc /Users/vinz/eclipse-workspace/intelnet/build/camera.o
                0x0000000010001744                release_camera_stream_buffer
 .text.get_camera_stream_statistic
                0x0000000010001750        0x8 /Users/vinz/eclipse-workspace/intelnet/build/camera.o
                0x0000000010001750                get_camera_stream_statistic
 .text.init     0x0000000010001758       0x10 /Users/vinz/eclipse-workspace/intelnet/build/ov7692.o
 .text.get_slave_address
                0x0000000010001768        0xc /Users/vinz/eclipse-workspace/intelnet/build/ov7692.o
 .text.get_pixformat
                0x0000000010001774       0x10 /Users/vinz/eclipse-workspace/intelnet/build/ov7692.o
 .text.set_saturation
                0x0000000010001784        0x4 /Users/vinz/eclipse-workspace/intelnet/build/ov7692.o
 .text.get_luminance
                0x0000000010001788       0x60 /Users/vinz/eclipse-workspace/intelnet/build/ov7692.o
 .text.read_reg
                0x00000000100017e8       0x20 /Users/vinz/eclipse-workspace/intelnet/build/ov7692.o
 .text.get_manufacture_id
                0x0000000010001808       0x3c /Users/vinz/eclipse-workspace/intelnet/build/ov7692.o
 .text.get_product_id
                0x0000000010001844       0x3c /Users/vinz/eclipse-workspace/intelnet/build/ov7692.o
 .text.set_negateimage
                0x0000000010001880       0x90 /Users/vinz/eclipse-workspace/intelnet/build/ov7692.o
 .text.set_vflip
                0x0000000010001910       0x3c /Users/vinz/eclipse-workspace/intelnet/build/ov7692.o
 .text.set_hmirror
                0x000000001000194c       0x3c /Users/vinz/eclipse-workspace/intelnet/build/ov7692.o
 .text.set_colorbar
                0x0000000010001988       0x3c /Users/vinz/eclipse-workspace/intelnet/build/ov7692.o
 .text.set_gainceiling
                0x00000000100019c4       0xa0 /Users/vinz/eclipse-workspace/intelnet/build/ov7692.o
 .text.set_brightness
                0x0000000010001a64       0xa8 /Users/vinz/eclipse-workspace/intelnet/build/ov7692.o
 .text.set_contrast
                0x0000000010001b0c       0xa0 /Users/vinz/eclipse-workspace/intelnet/build/ov7692.o
 .text.set_windowing
                0x0000000010001bac      0x120 /Users/vinz/eclipse-workspace/intelnet/build/ov7692.o
 .text.set_framesize
                0x0000000010001ccc       0xc0 /Users/vinz/eclipse-workspace/intelnet/build/ov7692.o
 .text.set_pixformat
                0x0000000010001d8c       0x54 /Users/vinz/eclipse-workspace/intelnet/build/ov7692.o
 .text.write_reg
                0x0000000010001de0       0x18 /Users/vinz/eclipse-workspace/intelnet/build/ov7692.o
 .text.sleep    0x0000000010001df8       0x3c /Users/vinz/eclipse-workspace/intelnet/build/ov7692.o
 .text.reset    0x0000000010001e34       0x64 /Users/vinz/eclipse-workspace/intelnet/build/ov7692.o
 .text.dump_registers
                0x0000000010001e98       0xa8 /Users/vinz/eclipse-workspace/intelnet/build/ov7692.o
 .text.sensor_register
                0x0000000010001f40       0xbc /Users/vinz/eclipse-workspace/intelnet/build/ov7692.o
                0x0000000010001f40                sensor_register
 .text.send_byte
                0x0000000010001ffc       0x68 /Users/vinz/eclipse-workspace/intelnet/build/sccb.o
 .text.get_byte
                0x0000000010002064       0x50 /Users/vinz/eclipse-workspace/intelnet/build/sccb.o
 .text.sccb_init
                0x00000000100020b4       0x2c /Users/vinz/eclipse-workspace/intelnet/build/sccb.o
                0x00000000100020b4                sccb_init
 .text.sccb_read_byt
                0x00000000100020e0      0x11c /Users/vinz/eclipse-workspace/intelnet/build/sccb.o
                0x00000000100020e0                sccb_read_byt
 .text.sccb_write_byt
                0x00000000100021fc       0xa4 /Users/vinz/eclipse-workspace/intelnet/build/sccb.o
                0x00000000100021fc                sccb_write_byt
 .text.reg_read
                0x00000000100022a0       0x78 /Users/vinz/eclipse-workspace/intelnet/build/max20303.o
 .text.reg_write
                0x0000000010002318       0x60 /Users/vinz/eclipse-workspace/intelnet/build/max20303.o
 .text.reg_write_buf.constprop.0
                0x0000000010002378       0x70 /Users/vinz/eclipse-workspace/intelnet/build/max20303.o
 .text.max20303_camera_power
                0x00000000100023e8       0x68 /Users/vinz/eclipse-workspace/intelnet/build/max20303.o
                0x00000000100023e8                max20303_camera_power
 .text.max20303_init
                0x0000000010002450       0x68 /Users/vinz/eclipse-workspace/intelnet/build/max20303.o
                0x0000000010002450                max20303_init
 .text          0x00000000100024b8      0x148 /Users/vinz/eclipse-workspace/intelnet/build/startup_max78000.o
                0x00000000100024b8                Reset_Handler
                0x00000000100024f6                HardFault_Handler
                0x00000000100024f8                MemManage_Handler
                0x00000000100024fa                BusFault_Handler
                0x00000000100024fc                UsageFault_Handler
                0x00000000100024fe                SVC_Handler
                0x0000000010002500                DebugMon_Handler
                0x0000000010002502                PendSV_Handler
                0x0000000010002504                SysTick_Handler
                0x0000000010002506                Default_Handler
                0x0000000010002508                PF_IRQHandler
                0x000000001000250a                WDT0_IRQHandler
                0x000000001000250c                RSV02_IRQHandler
                0x000000001000250e                RTC_IRQHandler
                0x0000000010002510                TRNG_IRQHandler
                0x0000000010002512                TMR0_IRQHandler
                0x0000000010002514                TMR1_IRQHandler
                0x0000000010002516                TMR2_IRQHandler
                0x0000000010002518                TMR3_IRQHandler
                0x000000001000251a                TMR4_IRQHandler
                0x000000001000251c                TMR5_IRQHandler
                0x000000001000251e                RSV11_IRQHandler
                0x0000000010002520                RSV12_IRQHandler
                0x0000000010002522                I2C0_IRQHandler
                0x0000000010002524                UART0_IRQHandler
                0x0000000010002526                UART1_IRQHandler
                0x0000000010002528                SPI1_IRQHandler
                0x000000001000252a                RSV17_IRQHandler
                0x000000001000252c                RSV18_IRQHandler
                0x000000001000252e                RSV19_IRQHandler
                0x0000000010002530                ADC_IRQHandler
                0x0000000010002532                RSV21_IRQHandler
                0x0000000010002534                RSV22_IRQHandler
                0x0000000010002536                FLC0_IRQHandler
                0x000000001000253e                RSV27_IRQHandler
                0x0000000010002540                DMA0_IRQHandler
                0x0000000010002542                DMA1_IRQHandler
                0x0000000010002544                DMA2_IRQHandler
                0x0000000010002546                DMA3_IRQHandler
                0x0000000010002548                RSV32_IRQHandler
                0x000000001000254a                RSV33_IRQHandler
                0x000000001000254c                UART2_IRQHandler
                0x000000001000254e                RSV35_IRQHandler
                0x0000000010002550                I2C1_IRQHandler
                0x0000000010002552                RSV37_IRQHandler
                0x0000000010002554                RSV38_IRQHandler
                0x0000000010002556                RSV39_IRQHandler
                0x0000000010002558                RSV40_IRQHandler
                0x000000001000255a                RSV41_IRQHandler
                0x000000001000255c                RSV42_IRQHandler
                0x000000001000255e                RSV43_IRQHandler
                0x0000000010002560                RSV44_IRQHandler
                0x0000000010002562                RSV45_IRQHandler
                0x0000000010002564                RSV46_IRQHandler
                0x0000000010002566                RSV47_IRQHandler
                0x0000000010002568                RSV48_IRQHandler
                0x000000001000256a                RSV49_IRQHandler
                0x000000001000256c                RSV50_IRQHandler
                0x000000001000256e                RSV51_IRQHandler
                0x0000000010002570                RSV52_IRQHandler
                0x0000000010002572                WUT_IRQHandler
                0x0000000010002574                GPIOWAKE_IRQHandler
                0x0000000010002576                RSV55_IRQHandler
                0x0000000010002578                SPI0_IRQHandler
                0x000000001000257a                WDT1_IRQHandler
                0x000000001000257c                RSV58_IRQHandler
                0x000000001000257e                PT_IRQHandler
                0x0000000010002580                RSV60_IRQHandler
                0x0000000010002582                RSV61_IRQHandler
                0x0000000010002584                I2C2_IRQHandler
                0x0000000010002586                RISCV_IRQHandler
                0x0000000010002588                RSV64_IRQHandler
                0x000000001000258a                RSV65_IRQHandler
                0x000000001000258c                RSV66_IRQHandler
                0x000000001000258e                OWM_IRQHandler
                0x0000000010002590                RSV68_IRQHandler
                0x0000000010002592                RSV69_IRQHandler
                0x0000000010002594                RSV70_IRQHandler
                0x0000000010002596                RSV71_IRQHandler
                0x0000000010002598                RSV72_IRQHandler
                0x000000001000259a                RSV73_IRQHandler
                0x000000001000259c                RSV74_IRQHandler
                0x000000001000259e                RSV75_IRQHandler
                0x00000000100025a0                RSV76_IRQHandler
                0x00000000100025a2                RSV77_IRQHandler
                0x00000000100025a4                RSV78_IRQHandler
                0x00000000100025a6                RSV79_IRQHandler
                0x00000000100025a8                RSV80_IRQHandler
                0x00000000100025aa                RSV81_IRQHandler
                0x00000000100025ac                ECC_IRQHandler
                0x00000000100025ae                DVS_IRQHandler
                0x00000000100025b0                SIMO_IRQHandler
                0x00000000100025b2                RSV85_IRQHandler
                0x00000000100025b4                RSV86_IRQHandler
                0x00000000100025b6                RSV87_IRQHandler
                0x00000000100025b8                UART3_IRQHandler
                0x00000000100025ba                RSV89_IRQHandler
                0x00000000100025bc                RSV90_IRQHandler
                0x00000000100025be                PCIF_IRQHandler
                0x00000000100025c0                RSV92_IRQHandler
                0x00000000100025c2                RSV93_IRQHandler
                0x00000000100025c4                RSV94_IRQHandler
                0x00000000100025c6                RSV95_IRQHandler
                0x00000000100025c8                RSV96_IRQHandler
                0x00000000100025ca                AES_IRQHandler
                0x00000000100025cc                RSV98_IRQHandler
                0x00000000100025ce                I2S_IRQHandler
                0x00000000100025d0                CNN_FIFO_IRQHandler
                0x00000000100025d2                CNN_IRQHandler
                0x00000000100025d4                RSV102_IRQHandler
                0x00000000100025d6                LPCMP_IRQHandler
 .text._sbrk    0x0000000010002600       0x3c /Users/vinz/eclipse-workspace/intelnet/build/heap.o
                0x0000000010002600                _sbrk
 .text.SystemCoreClockUpdate
                0x000000001000263c       0x68 /Users/vinz/eclipse-workspace/intelnet/build/system_max78000.o
                0x000000001000263c                SystemCoreClockUpdate
 .text.PreInit  0x00000000100026a4        0x4 /Users/vinz/eclipse-workspace/intelnet/build/system_max78000.o
                0x00000000100026a4                PreInit
 .text.SystemInit
                0x00000000100026a8       0x38 /Users/vinz/eclipse-workspace/intelnet/build/system_max78000.o
                0x00000000100026a8                SystemInit
 .text.MXC_DelayInit
                0x00000000100026e0       0x7c /Users/vinz/MaximSDK/Libraries/PeriphDrivers/bin/MAX78000/softfp/libPeriphDriver_softfp.a(mxc_delay.o)
 .text.MXC_DelayAsync
                0x000000001000275c       0x3c /Users/vinz/MaximSDK/Libraries/PeriphDrivers/bin/MAX78000/softfp/libPeriphDriver_softfp.a(mxc_delay.o)
                0x000000001000275c                MXC_DelayAsync
 .text.MXC_DelayCheck
                0x0000000010002798       0x70 /Users/vinz/MaximSDK/Libraries/PeriphDrivers/bin/MAX78000/softfp/libPeriphDriver_softfp.a(mxc_delay.o)
                0x0000000010002798                MXC_DelayCheck
 .text.MXC_DelayAbort
                0x0000000010002808       0x34 /Users/vinz/MaximSDK/Libraries/PeriphDrivers/bin/MAX78000/softfp/libPeriphDriver_softfp.a(mxc_delay.o)
                0x0000000010002808                MXC_DelayAbort
 .text.MXC_Delay
                0x000000001000283c       0x74 /Users/vinz/MaximSDK/Libraries/PeriphDrivers/bin/MAX78000/softfp/libPeriphDriver_softfp.a(mxc_delay.o)
                0x000000001000283c                MXC_Delay
 .text.MXC_SYS_IsClockEnabled
                0x00000000100028b0       0x44 /Users/vinz/MaximSDK/Libraries/PeriphDrivers/bin/MAX78000/softfp/libPeriphDriver_softfp.a(sys_ai85.o)
                0x00000000100028b0                MXC_SYS_IsClockEnabled
 .text.MXC_SYS_ClockDisable
                0x00000000100028f4       0x44 /Users/vinz/MaximSDK/Libraries/PeriphDrivers/bin/MAX78000/softfp/libPeriphDriver_softfp.a(sys_ai85.o)
                0x00000000100028f4                MXC_SYS_ClockDisable
 .text.MXC_SYS_ClockEnable
                0x0000000010002938       0x4c /Users/vinz/MaximSDK/Libraries/PeriphDrivers/bin/MAX78000/softfp/libPeriphDriver_softfp.a(sys_ai85.o)
                0x0000000010002938                MXC_SYS_ClockEnable
 .text.MXC_SYS_ClockSourceEnable
                0x0000000010002984       0xec /Users/vinz/MaximSDK/Libraries/PeriphDrivers/bin/MAX78000/softfp/libPeriphDriver_softfp.a(sys_ai85.o)
                0x0000000010002984                MXC_SYS_ClockSourceEnable
 .text.MXC_SYS_Clock_Select
                0x0000000010002a70      0x17c /Users/vinz/MaximSDK/Libraries/PeriphDrivers/bin/MAX78000/softfp/libPeriphDriver_softfp.a(sys_ai85.o)
                0x0000000010002a70                MXC_SYS_Clock_Select
 .text.MXC_SYS_Reset_Periph
                0x0000000010002bec       0x50 /Users/vinz/MaximSDK/Libraries/PeriphDrivers/bin/MAX78000/softfp/libPeriphDriver_softfp.a(sys_ai85.o)
                0x0000000010002bec                MXC_SYS_Reset_Periph
 .text.MXC_NVIC_SetVector
                0x0000000010002c3c       0x4c /Users/vinz/MaximSDK/Libraries/PeriphDrivers/bin/MAX78000/softfp/libPeriphDriver_softfp.a(nvic_table.o)
                0x0000000010002c3c                MXC_NVIC_SetVector
 .text.MXC_PCIF_Init
                0x0000000010002c88       0x6c /Users/vinz/MaximSDK/Libraries/PeriphDrivers/bin/MAX78000/softfp/libPeriphDriver_softfp.a(cameraif_ai85.o)
                0x0000000010002c88                MXC_PCIF_Init
 .text.MXC_PCIF_SetDataWidth
                0x0000000010002cf4        0xc /Users/vinz/MaximSDK/Libraries/PeriphDrivers/bin/MAX78000/softfp/libPeriphDriver_softfp.a(cameraif_ai85.o)
                0x0000000010002cf4                MXC_PCIF_SetDataWidth
 .text.MXC_PCIF_SetTimingSel
                0x0000000010002d00        0xc /Users/vinz/MaximSDK/Libraries/PeriphDrivers/bin/MAX78000/softfp/libPeriphDriver_softfp.a(cameraif_ai85.o)
                0x0000000010002d00                MXC_PCIF_SetTimingSel
 .text.MXC_PCIF_SetThreshold
                0x0000000010002d0c        0xc /Users/vinz/MaximSDK/Libraries/PeriphDrivers/bin/MAX78000/softfp/libPeriphDriver_softfp.a(cameraif_ai85.o)
                0x0000000010002d0c                MXC_PCIF_SetThreshold
 .text.MXC_PCIF_EnableInt
                0x0000000010002d18        0xc /Users/vinz/MaximSDK/Libraries/PeriphDrivers/bin/MAX78000/softfp/libPeriphDriver_softfp.a(cameraif_ai85.o)
                0x0000000010002d18                MXC_PCIF_EnableInt
 .text.MXC_PCIF_DisableInt
                0x0000000010002d24        0xc /Users/vinz/MaximSDK/Libraries/PeriphDrivers/bin/MAX78000/softfp/libPeriphDriver_softfp.a(cameraif_ai85.o)
                0x0000000010002d24                MXC_PCIF_DisableInt
 .text.MXC_PCIF_Start
                0x0000000010002d30        0xc /Users/vinz/MaximSDK/Libraries/PeriphDrivers/bin/MAX78000/softfp/libPeriphDriver_softfp.a(cameraif_ai85.o)
                0x0000000010002d30                MXC_PCIF_Start
 .text.MXC_PCIF_RevA_SetDatawidth
                0x0000000010002d3c       0x14 /Users/vinz/MaximSDK/Libraries/PeriphDrivers/bin/MAX78000/softfp/libPeriphDriver_softfp.a(cameraif_reva.o)
                0x0000000010002d3c                MXC_PCIF_RevA_SetDatawidth
 .text.MXC_PCIF_RevA_SetTimingSel
                0x0000000010002d50       0x14 /Users/vinz/MaximSDK/Libraries/PeriphDrivers/bin/MAX78000/softfp/libPeriphDriver_softfp.a(cameraif_reva.o)
                0x0000000010002d50                MXC_PCIF_RevA_SetTimingSel
 .text.MXC_PCIF_RevA_SetThreshold
                0x0000000010002d64       0x18 /Users/vinz/MaximSDK/Libraries/PeriphDrivers/bin/MAX78000/softfp/libPeriphDriver_softfp.a(cameraif_reva.o)
                0x0000000010002d64                MXC_PCIF_RevA_SetThreshold
 .text.MXC_PCIF_RevA_EnableInt
                0x0000000010002d7c        0xc /Users/vinz/MaximSDK/Libraries/PeriphDrivers/bin/MAX78000/softfp/libPeriphDriver_softfp.a(cameraif_reva.o)
                0x0000000010002d7c                MXC_PCIF_RevA_EnableInt
 .text.MXC_PCIF_RevA_DisableInt
                0x0000000010002d88       0x10 /Users/vinz/MaximSDK/Libraries/PeriphDrivers/bin/MAX78000/softfp/libPeriphDriver_softfp.a(cameraif_reva.o)
                0x0000000010002d88                MXC_PCIF_RevA_DisableInt
 .text.MXC_PCIF_RevA_Start
                0x0000000010002d98       0x14 /Users/vinz/MaximSDK/Libraries/PeriphDrivers/bin/MAX78000/softfp/libPeriphDriver_softfp.a(cameraif_reva.o)
                0x0000000010002d98                MXC_PCIF_RevA_Start
 .text.MXC_DMA_Init
                0x0000000010002dac       0x30 /Users/vinz/MaximSDK/Libraries/PeriphDrivers/bin/MAX78000/softfp/libPeriphDriver_softfp.a(dma_me17.o)
                0x0000000010002dac                MXC_DMA_Init
 .text.MXC_DMA_AcquireChannel
                0x0000000010002ddc        0xc /Users/vinz/MaximSDK/Libraries/PeriphDrivers/bin/MAX78000/softfp/libPeriphDriver_softfp.a(dma_me17.o)
                0x0000000010002ddc                MXC_DMA_AcquireChannel
 .text.MXC_DMA_SetCallback
                0x0000000010002de8        0x4 /Users/vinz/MaximSDK/Libraries/PeriphDrivers/bin/MAX78000/softfp/libPeriphDriver_softfp.a(dma_me17.o)
                0x0000000010002de8                MXC_DMA_SetCallback
 .text.MXC_DMA_ChannelClearFlags
                0x0000000010002dec        0x4 /Users/vinz/MaximSDK/Libraries/PeriphDrivers/bin/MAX78000/softfp/libPeriphDriver_softfp.a(dma_me17.o)
                0x0000000010002dec                MXC_DMA_ChannelClearFlags
 .text.MXC_DMA_Handler
                0x0000000010002df0        0xc /Users/vinz/MaximSDK/Libraries/PeriphDrivers/bin/MAX78000/softfp/libPeriphDriver_softfp.a(dma_me17.o)
                0x0000000010002df0                MXC_DMA_Handler
 .text.MXC_DMA_RevA_Init
                0x0000000010002dfc       0x94 /Users/vinz/MaximSDK/Libraries/PeriphDrivers/bin/MAX78000/softfp/libPeriphDriver_softfp.a(dma_reva.o)
                0x0000000010002dfc                MXC_DMA_RevA_Init
 .text.MXC_DMA_RevA_AcquireChannel
                0x0000000010002e90       0x74 /Users/vinz/MaximSDK/Libraries/PeriphDrivers/bin/MAX78000/softfp/libPeriphDriver_softfp.a(dma_reva.o)
                0x0000000010002e90                MXC_DMA_RevA_AcquireChannel
 .text.MXC_DMA_RevA_SetCallback
                0x0000000010002f04       0x24 /Users/vinz/MaximSDK/Libraries/PeriphDrivers/bin/MAX78000/softfp/libPeriphDriver_softfp.a(dma_reva.o)
                0x0000000010002f04                MXC_DMA_RevA_SetCallback
 .text.MXC_DMA_RevA_ChannelClearFlags
                0x0000000010002f28       0x2c /Users/vinz/MaximSDK/Libraries/PeriphDrivers/bin/MAX78000/softfp/libPeriphDriver_softfp.a(dma_reva.o)
                0x0000000010002f28                MXC_DMA_RevA_ChannelClearFlags
 .text.MXC_DMA_RevA_Handler
                0x0000000010002f54       0x70 /Users/vinz/MaximSDK/Libraries/PeriphDrivers/bin/MAX78000/softfp/libPeriphDriver_softfp.a(dma_reva.o)
                0x0000000010002f54                MXC_DMA_RevA_Handler
 .text.MXC_GPIO_Config
                0x0000000010002fc4      0x204 /Users/vinz/MaximSDK/Libraries/PeriphDrivers/bin/MAX78000/softfp/libPeriphDriver_softfp.a(gpio_ai85.o)
                0x0000000010002fc4                MXC_GPIO_Config
 .text.MXC_GPIO_InGet
                0x00000000100031c8       0x2c /Users/vinz/MaximSDK/Libraries/PeriphDrivers/bin/MAX78000/softfp/libPeriphDriver_softfp.a(gpio_ai85.o)
                0x00000000100031c8                MXC_GPIO_InGet
 .text.MXC_GPIO_OutSet
                0x00000000100031f4       0x34 /Users/vinz/MaximSDK/Libraries/PeriphDrivers/bin/MAX78000/softfp/libPeriphDriver_softfp.a(gpio_ai85.o)
                0x00000000100031f4                MXC_GPIO_OutSet
 .text.MXC_GPIO_OutClr
                0x0000000010003228       0x34 /Users/vinz/MaximSDK/Libraries/PeriphDrivers/bin/MAX78000/softfp/libPeriphDriver_softfp.a(gpio_ai85.o)
                0x0000000010003228                MXC_GPIO_OutClr
 .text.MXC_GPIO_Handler
                0x000000001000325c        0x4 /Users/vinz/MaximSDK/Libraries/PeriphDrivers/bin/MAX78000/softfp/libPeriphDriver_softfp.a(gpio_ai85.o)
                0x000000001000325c                MXC_GPIO_Handler
 .text.MXC_GPIO_ClearFlags
                0x0000000010003260        0x4 /Users/vinz/MaximSDK/Libraries/PeriphDrivers/bin/MAX78000/softfp/libPeriphDriver_softfp.a(gpio_ai85.o)
                0x0000000010003260                MXC_GPIO_ClearFlags
 .text.MXC_GPIO_GetFlags
                0x0000000010003264        0x4 /Users/vinz/MaximSDK/Libraries/PeriphDrivers/bin/MAX78000/softfp/libPeriphDriver_softfp.a(gpio_ai85.o)
                0x0000000010003264                MXC_GPIO_GetFlags
 .text.MXC_GPIO_SetVSSEL
                0x0000000010003268        0x4 /Users/vinz/MaximSDK/Libraries/PeriphDrivers/bin/MAX78000/softfp/libPeriphDriver_softfp.a(gpio_ai85.o)
                0x0000000010003268                MXC_GPIO_SetVSSEL
 .text.MXC_GPIO_RevA_InGet
                0x000000001000326c        0x8 /Users/vinz/MaximSDK/Libraries/PeriphDrivers/bin/MAX78000/softfp/libPeriphDriver_softfp.a(gpio_reva.o)
                0x000000001000326c                MXC_GPIO_RevA_InGet
 .text.MXC_GPIO_RevA_OutSet
                0x0000000010003274        0x4 /Users/vinz/MaximSDK/Libraries/PeriphDrivers/bin/MAX78000/softfp/libPeriphDriver_softfp.a(gpio_reva.o)
                0x0000000010003274                MXC_GPIO_RevA_OutSet
 .text.MXC_GPIO_RevA_OutClr
                0x0000000010003278        0x4 /Users/vinz/MaximSDK/Libraries/PeriphDrivers/bin/MAX78000/softfp/libPeriphDriver_softfp.a(gpio_reva.o)
                0x0000000010003278                MXC_GPIO_RevA_OutClr
 .text.MXC_GPIO_RevA_ClearFlags
                0x000000001000327c        0x4 /Users/vinz/MaximSDK/Libraries/PeriphDrivers/bin/MAX78000/softfp/libPeriphDriver_softfp.a(gpio_reva.o)
                0x000000001000327c                MXC_GPIO_RevA_ClearFlags
 .text.MXC_GPIO_RevA_GetFlags
                0x0000000010003280        0x4 /Users/vinz/MaximSDK/Libraries/PeriphDrivers/bin/MAX78000/softfp/libPeriphDriver_softfp.a(gpio_reva.o)
                0x0000000010003280                MXC_GPIO_RevA_GetFlags
 .text.MXC_GPIO_RevA_SetVSSEL
                0x0000000010003284       0x30 /Users/vinz/MaximSDK/Libraries/PeriphDrivers/bin/MAX78000/softfp/libPeriphDriver_softfp.a(gpio_reva.o)
                0x0000000010003284                MXC_GPIO_RevA_SetVSSEL
 .text.MXC_GPIO_RevA_SetAF
                0x00000000100032b4       0x68 /Users/vinz/MaximSDK/Libraries/PeriphDrivers/bin/MAX78000/softfp/libPeriphDriver_softfp.a(gpio_reva.o)
                0x00000000100032b4                MXC_GPIO_RevA_SetAF
 .text.MXC_I2C_SetSlaveAddr
                0x000000001000331c        0x4 /Users/vinz/MaximSDK/Libraries/PeriphDrivers/bin/MAX78000/softfp/libPeriphDriver_softfp.a(i2c_me17.o)
                0x000000001000331c                MXC_I2C_SetSlaveAddr
 .text.MXC_I2C_Shutdown
                0x0000000010003320       0x58 /Users/vinz/MaximSDK/Libraries/PeriphDrivers/bin/MAX78000/softfp/libPeriphDriver_softfp.a(i2c_me17.o)
                0x0000000010003320                MXC_I2C_Shutdown
 .text.MXC_I2C_Init
                0x0000000010003378       0x94 /Users/vinz/MaximSDK/Libraries/PeriphDrivers/bin/MAX78000/softfp/libPeriphDriver_softfp.a(i2c_me17.o)
                0x0000000010003378                MXC_I2C_Init
 .text.MXC_I2C_SetFrequency
                0x000000001000340c       0x14 /Users/vinz/MaximSDK/Libraries/PeriphDrivers/bin/MAX78000/softfp/libPeriphDriver_softfp.a(i2c_me17.o)
                0x000000001000340c                MXC_I2C_SetFrequency
 .text.MXC_I2C_GetFrequency
                0x0000000010003420        0x4 /Users/vinz/MaximSDK/Libraries/PeriphDrivers/bin/MAX78000/softfp/libPeriphDriver_softfp.a(i2c_me17.o)
                0x0000000010003420                MXC_I2C_GetFrequency
 .text.MXC_I2C_ClearRXFIFO
                0x0000000010003424        0x4 /Users/vinz/MaximSDK/Libraries/PeriphDrivers/bin/MAX78000/softfp/libPeriphDriver_softfp.a(i2c_me17.o)
                0x0000000010003424                MXC_I2C_ClearRXFIFO
 .text.MXC_I2C_ClearTXFIFO
                0x0000000010003428        0x4 /Users/vinz/MaximSDK/Libraries/PeriphDrivers/bin/MAX78000/softfp/libPeriphDriver_softfp.a(i2c_me17.o)
                0x0000000010003428                MXC_I2C_ClearTXFIFO
 .text.MXC_I2C_Recover
                0x000000001000342c        0x4 /Users/vinz/MaximSDK/Libraries/PeriphDrivers/bin/MAX78000/softfp/libPeriphDriver_softfp.a(i2c_me17.o)
                0x000000001000342c                MXC_I2C_Recover
 .text.MXC_I2C_SetRXThreshold
                0x0000000010003430        0x4 /Users/vinz/MaximSDK/Libraries/PeriphDrivers/bin/MAX78000/softfp/libPeriphDriver_softfp.a(i2c_me17.o)
                0x0000000010003430                MXC_I2C_SetRXThreshold
 .text.MXC_I2C_SetTXThreshold
                0x0000000010003434        0x4 /Users/vinz/MaximSDK/Libraries/PeriphDrivers/bin/MAX78000/softfp/libPeriphDriver_softfp.a(i2c_me17.o)
                0x0000000010003434                MXC_I2C_SetTXThreshold
 .text.MXC_I2C_RevA_Init
                0x0000000010003438       0xd0 /Users/vinz/MaximSDK/Libraries/PeriphDrivers/bin/MAX78000/softfp/libPeriphDriver_softfp.a(i2c_reva.o)
                0x0000000010003438                MXC_I2C_RevA_Init
 .text.MXC_I2C_RevA_SetSlaveAddr
                0x0000000010003508       0x34 /Users/vinz/MaximSDK/Libraries/PeriphDrivers/bin/MAX78000/softfp/libPeriphDriver_softfp.a(i2c_reva.o)
                0x0000000010003508                MXC_I2C_RevA_SetSlaveAddr
 .text.MXC_I2C_RevA_SetFrequency
                0x000000001000353c       0x78 /Users/vinz/MaximSDK/Libraries/PeriphDrivers/bin/MAX78000/softfp/libPeriphDriver_softfp.a(i2c_reva.o)
                0x000000001000353c                MXC_I2C_RevA_SetFrequency
 .text.MXC_I2C_RevA_GetFrequency
                0x00000000100035b4       0x20 /Users/vinz/MaximSDK/Libraries/PeriphDrivers/bin/MAX78000/softfp/libPeriphDriver_softfp.a(i2c_reva.o)
                0x00000000100035b4                MXC_I2C_RevA_GetFrequency
 .text.MXC_I2C_RevA_ClearRXFIFO
                0x00000000100035d4       0x10 /Users/vinz/MaximSDK/Libraries/PeriphDrivers/bin/MAX78000/softfp/libPeriphDriver_softfp.a(i2c_reva.o)
                0x00000000100035d4                MXC_I2C_RevA_ClearRXFIFO
 .text.MXC_I2C_RevA_ClearTXFIFO
                0x00000000100035e4       0x10 /Users/vinz/MaximSDK/Libraries/PeriphDrivers/bin/MAX78000/softfp/libPeriphDriver_softfp.a(i2c_reva.o)
                0x00000000100035e4                MXC_I2C_RevA_ClearTXFIFO
 .text.MXC_I2C_RevA_Recover
                0x00000000100035f4       0xd8 /Users/vinz/MaximSDK/Libraries/PeriphDrivers/bin/MAX78000/softfp/libPeriphDriver_softfp.a(i2c_reva.o)
                0x00000000100035f4                MXC_I2C_RevA_Recover
 .text.MXC_I2C_RevA_SetRXThreshold
                0x00000000100036cc       0x20 /Users/vinz/MaximSDK/Libraries/PeriphDrivers/bin/MAX78000/softfp/libPeriphDriver_softfp.a(i2c_reva.o)
                0x00000000100036cc                MXC_I2C_RevA_SetRXThreshold
 .text.MXC_I2C_RevA_SetTXThreshold
                0x00000000100036ec       0x24 /Users/vinz/MaximSDK/Libraries/PeriphDrivers/bin/MAX78000/softfp/libPeriphDriver_softfp.a(i2c_reva.o)
                0x00000000100036ec                MXC_I2C_RevA_SetTXThreshold
 .text.MXC_ICC_Enable
                0x0000000010003710        0x4 /Users/vinz/MaximSDK/Libraries/PeriphDrivers/bin/MAX78000/softfp/libPeriphDriver_softfp.a(icc_me17.o)
                0x0000000010003710                MXC_ICC_Enable
 .text.MXC_ICC_RevA_Enable
                0x0000000010003714       0x30 /Users/vinz/MaximSDK/Libraries/PeriphDrivers/bin/MAX78000/softfp/libPeriphDriver_softfp.a(icc_reva.o)
                0x0000000010003714                MXC_ICC_RevA_Enable
 .text.MXC_PT_Init
                0x0000000010003744      0x128 /Users/vinz/MaximSDK/Libraries/PeriphDrivers/bin/MAX78000/softfp/libPeriphDriver_softfp.a(pt_me17.o)
                0x0000000010003744                MXC_PT_Init
 .text.MXC_PT_Config
                0x000000001000386c       0x5c /Users/vinz/MaximSDK/Libraries/PeriphDrivers/bin/MAX78000/softfp/libPeriphDriver_softfp.a(pt_me17.o)
                0x000000001000386c                MXC_PT_Config
 .text.MXC_PT_SqrWaveConfig
                0x00000000100038c8       0x20 /Users/vinz/MaximSDK/Libraries/PeriphDrivers/bin/MAX78000/softfp/libPeriphDriver_softfp.a(pt_me17.o)
                0x00000000100038c8                MXC_PT_SqrWaveConfig
 .text.MXC_PT_Start
                0x00000000100038e8        0xc /Users/vinz/MaximSDK/Libraries/PeriphDrivers/bin/MAX78000/softfp/libPeriphDriver_softfp.a(pt_me17.o)
                0x00000000100038e8                MXC_PT_Start
 .text.MXC_PT_IsActive
                0x00000000100038f4        0xc /Users/vinz/MaximSDK/Libraries/PeriphDrivers/bin/MAX78000/softfp/libPeriphDriver_softfp.a(pt_me17.o)
                0x00000000100038f4                MXC_PT_IsActive
 .text.MXC_PT_RevA_Init
                0x0000000010003900        0xc /Users/vinz/MaximSDK/Libraries/PeriphDrivers/bin/MAX78000/softfp/libPeriphDriver_softfp.a(pt_reva.o)
                0x0000000010003900                MXC_PT_RevA_Init
 .text.MXC_PT_RevA_Config
                0x000000001000390c       0xc4 /Users/vinz/MaximSDK/Libraries/PeriphDrivers/bin/MAX78000/softfp/libPeriphDriver_softfp.a(pt_reva.o)
                0x000000001000390c                MXC_PT_RevA_Config
 .text.MXC_PT_RevA_SqrWaveConfig
                0x00000000100039d0       0x18 /Users/vinz/MaximSDK/Libraries/PeriphDrivers/bin/MAX78000/softfp/libPeriphDriver_softfp.a(pt_reva.o)
                0x00000000100039d0                MXC_PT_RevA_SqrWaveConfig
 .text.MXC_PT_RevA_Start
                0x00000000100039e8       0x10 /Users/vinz/MaximSDK/Libraries/PeriphDrivers/bin/MAX78000/softfp/libPeriphDriver_softfp.a(pt_reva.o)
                0x00000000100039e8                MXC_PT_RevA_Start
 .text.MXC_PT_RevA_IsActive
                0x00000000100039f8        0xc /Users/vinz/MaximSDK/Libraries/PeriphDrivers/bin/MAX78000/softfp/libPeriphDriver_softfp.a(pt_reva.o)
                0x00000000100039f8                MXC_PT_RevA_IsActive
 .text.MXC_TMR_Init
                0x0000000010003a04      0x344 /Users/vinz/MaximSDK/Libraries/PeriphDrivers/bin/MAX78000/softfp/libPeriphDriver_softfp.a(tmr_ai85.o)
                0x0000000010003a04                MXC_TMR_Init
 .text.MXC_TMR_Start
                0x0000000010003d48        0x4 /Users/vinz/MaximSDK/Libraries/PeriphDrivers/bin/MAX78000/softfp/libPeriphDriver_softfp.a(tmr_ai85.o)
                0x0000000010003d48                MXC_TMR_Start
 .text.MXC_TMR_Stop
                0x0000000010003d4c        0x4 /Users/vinz/MaximSDK/Libraries/PeriphDrivers/bin/MAX78000/softfp/libPeriphDriver_softfp.a(tmr_ai85.o)
                0x0000000010003d4c                MXC_TMR_Stop
 .text.MXC_TMR_ClearFlags
                0x0000000010003d50        0x4 /Users/vinz/MaximSDK/Libraries/PeriphDrivers/bin/MAX78000/softfp/libPeriphDriver_softfp.a(tmr_ai85.o)
                0x0000000010003d50                MXC_TMR_ClearFlags
 .text.MXC_TMR_SetCount
                0x0000000010003d54        0x4 /Users/vinz/MaximSDK/Libraries/PeriphDrivers/bin/MAX78000/softfp/libPeriphDriver_softfp.a(tmr_ai85.o)
                0x0000000010003d54                MXC_TMR_SetCount
 .text.MXC_TMR_TO_Start
                0x0000000010003d58        0x4 /Users/vinz/MaximSDK/Libraries/PeriphDrivers/bin/MAX78000/softfp/libPeriphDriver_softfp.a(tmr_ai85.o)
                0x0000000010003d58                MXC_TMR_TO_Start
 .text.MXC_TMR_TO_Stop
                0x0000000010003d5c        0x4 /Users/vinz/MaximSDK/Libraries/PeriphDrivers/bin/MAX78000/softfp/libPeriphDriver_softfp.a(tmr_ai85.o)
                0x0000000010003d5c                MXC_TMR_TO_Stop
 .text.MXC_TMR_TO_Elapsed
                0x0000000010003d60        0x4 /Users/vinz/MaximSDK/Libraries/PeriphDrivers/bin/MAX78000/softfp/libPeriphDriver_softfp.a(tmr_ai85.o)
                0x0000000010003d60                MXC_TMR_TO_Elapsed
 .text.MXC_TMR_SW_Start
                0x0000000010003d64        0x4 /Users/vinz/MaximSDK/Libraries/PeriphDrivers/bin/MAX78000/softfp/libPeriphDriver_softfp.a(tmr_ai85.o)
                0x0000000010003d64                MXC_TMR_SW_Start
 .text.MXC_TMR_SW_Stop
                0x0000000010003d68        0x4 /Users/vinz/MaximSDK/Libraries/PeriphDrivers/bin/MAX78000/softfp/libPeriphDriver_softfp.a(tmr_ai85.o)
                0x0000000010003d68                MXC_TMR_SW_Stop
 .text.MXC_TMR_GetTime
                0x0000000010003d6c        0x4 /Users/vinz/MaximSDK/Libraries/PeriphDrivers/bin/MAX78000/softfp/libPeriphDriver_softfp.a(tmr_ai85.o)
                0x0000000010003d6c                MXC_TMR_GetTime
 .text.MXC_TMR_RevB_ConfigGeneric
                0x0000000010003d70       0xe8 /Users/vinz/MaximSDK/Libraries/PeriphDrivers/bin/MAX78000/softfp/libPeriphDriver_softfp.a(tmr_revb.o)
                0x0000000010003d70                MXC_TMR_RevB_ConfigGeneric
 .text.MXC_TMR_RevB_Init
                0x0000000010003e58       0xc8 /Users/vinz/MaximSDK/Libraries/PeriphDrivers/bin/MAX78000/softfp/libPeriphDriver_softfp.a(tmr_revb.o)
                0x0000000010003e58                MXC_TMR_RevB_Init
 .text.MXC_TMR_RevB_Start
                0x0000000010003f20       0x5c /Users/vinz/MaximSDK/Libraries/PeriphDrivers/bin/MAX78000/softfp/libPeriphDriver_softfp.a(tmr_revb.o)
                0x0000000010003f20                MXC_TMR_RevB_Start
 .text.MXC_TMR_RevB_Stop
                0x0000000010003f7c       0x58 /Users/vinz/MaximSDK/Libraries/PeriphDrivers/bin/MAX78000/softfp/libPeriphDriver_softfp.a(tmr_revb.o)
                0x0000000010003f7c                MXC_TMR_RevB_Stop
 .text.MXC_TMR_RevB_ClearFlags
                0x0000000010003fd4       0x58 /Users/vinz/MaximSDK/Libraries/PeriphDrivers/bin/MAX78000/softfp/libPeriphDriver_softfp.a(tmr_revb.o)
                0x0000000010003fd4                MXC_TMR_RevB_ClearFlags
 .text.MXC_TMR_RevB_SetCount
                0x000000001000402c       0x5c /Users/vinz/MaximSDK/Libraries/PeriphDrivers/bin/MAX78000/softfp/libPeriphDriver_softfp.a(tmr_revb.o)
                0x000000001000402c                MXC_TMR_RevB_SetCount
 .text.MXC_TMR_RevB_TO_Start
                0x0000000010004088       0xe4 /Users/vinz/MaximSDK/Libraries/PeriphDrivers/bin/MAX78000/softfp/libPeriphDriver_softfp.a(tmr_revb.o)
                0x0000000010004088                MXC_TMR_RevB_TO_Start
 .text.MXC_TMR_RevB_GetTime
                0x000000001000416c      0x138 /Users/vinz/MaximSDK/Libraries/PeriphDrivers/bin/MAX78000/softfp/libPeriphDriver_softfp.a(tmr_revb.o)
                0x000000001000416c                MXC_TMR_RevB_GetTime
 .text.MXC_UART_Shutdown
                0x00000000100042a4       0x70 /Users/vinz/MaximSDK/Libraries/PeriphDrivers/bin/MAX78000/softfp/libPeriphDriver_softfp.a(uart_ai85.o)
                0x00000000100042a4                MXC_UART_Shutdown
 .text.MXC_UART_Init
                0x0000000010004314       0xb8 /Users/vinz/MaximSDK/Libraries/PeriphDrivers/bin/MAX78000/softfp/libPeriphDriver_softfp.a(uart_ai85.o)
                0x0000000010004314                MXC_UART_Init
 .text.MXC_UART_SetFrequency
                0x00000000100043cc       0xcc /Users/vinz/MaximSDK/Libraries/PeriphDrivers/bin/MAX78000/softfp/libPeriphDriver_softfp.a(uart_ai85.o)
                0x00000000100043cc                MXC_UART_SetFrequency
 .text.MXC_UART_GetFrequency
                0x0000000010004498       0x54 /Users/vinz/MaximSDK/Libraries/PeriphDrivers/bin/MAX78000/softfp/libPeriphDriver_softfp.a(uart_ai85.o)
                0x0000000010004498                MXC_UART_GetFrequency
 .text.MXC_UART_SetDataSize
                0x00000000100044ec        0x4 /Users/vinz/MaximSDK/Libraries/PeriphDrivers/bin/MAX78000/softfp/libPeriphDriver_softfp.a(uart_ai85.o)
                0x00000000100044ec                MXC_UART_SetDataSize
 .text.MXC_UART_SetStopBits
                0x00000000100044f0        0x4 /Users/vinz/MaximSDK/Libraries/PeriphDrivers/bin/MAX78000/softfp/libPeriphDriver_softfp.a(uart_ai85.o)
                0x00000000100044f0                MXC_UART_SetStopBits
 .text.MXC_UART_SetParity
                0x00000000100044f4        0x4 /Users/vinz/MaximSDK/Libraries/PeriphDrivers/bin/MAX78000/softfp/libPeriphDriver_softfp.a(uart_ai85.o)
                0x00000000100044f4                MXC_UART_SetParity
 .text.MXC_UART_ReadCharacterRaw
                0x00000000100044f8        0x4 /Users/vinz/MaximSDK/Libraries/PeriphDrivers/bin/MAX78000/softfp/libPeriphDriver_softfp.a(uart_ai85.o)
                0x00000000100044f8                MXC_UART_ReadCharacterRaw
 .text.MXC_UART_WriteCharacterRaw
                0x00000000100044fc        0x4 /Users/vinz/MaximSDK/Libraries/PeriphDrivers/bin/MAX78000/softfp/libPeriphDriver_softfp.a(uart_ai85.o)
                0x00000000100044fc                MXC_UART_WriteCharacterRaw
 .text.MXC_UART_ReadCharacter
                0x0000000010004500        0x4 /Users/vinz/MaximSDK/Libraries/PeriphDrivers/bin/MAX78000/softfp/libPeriphDriver_softfp.a(uart_ai85.o)
                0x0000000010004500                MXC_UART_ReadCharacter
 .text.MXC_UART_WriteCharacter
                0x0000000010004504        0x4 /Users/vinz/MaximSDK/Libraries/PeriphDrivers/bin/MAX78000/softfp/libPeriphDriver_softfp.a(uart_ai85.o)
                0x0000000010004504                MXC_UART_WriteCharacter
 .text.MXC_UART_GetRXFIFOAvailable
                0x0000000010004508        0x4 /Users/vinz/MaximSDK/Libraries/PeriphDrivers/bin/MAX78000/softfp/libPeriphDriver_softfp.a(uart_ai85.o)
                0x0000000010004508                MXC_UART_GetRXFIFOAvailable
 .text.MXC_UART_GetTXFIFOAvailable
                0x000000001000450c        0x4 /Users/vinz/MaximSDK/Libraries/PeriphDrivers/bin/MAX78000/softfp/libPeriphDriver_softfp.a(uart_ai85.o)
                0x000000001000450c                MXC_UART_GetTXFIFOAvailable
 .text.MXC_UART_SetRXThreshold
                0x0000000010004510        0x4 /Users/vinz/MaximSDK/Libraries/PeriphDrivers/bin/MAX78000/softfp/libPeriphDriver_softfp.a(uart_ai85.o)
                0x0000000010004510                MXC_UART_SetRXThreshold
 .text.MXC_UART_Common_ReadCharacter
                0x0000000010004514       0x18 /Users/vinz/MaximSDK/Libraries/PeriphDrivers/bin/MAX78000/softfp/libPeriphDriver_softfp.a(uart_common.o)
                0x0000000010004514                MXC_UART_Common_ReadCharacter
 .text.MXC_UART_Common_WriteCharacter
                0x000000001000452c       0x1c /Users/vinz/MaximSDK/Libraries/PeriphDrivers/bin/MAX78000/softfp/libPeriphDriver_softfp.a(uart_common.o)
                0x000000001000452c                MXC_UART_Common_WriteCharacter
 .text.MXC_UART_RevB_Init
                0x0000000010004548       0x70 /Users/vinz/MaximSDK/Libraries/PeriphDrivers/bin/MAX78000/softfp/libPeriphDriver_softfp.a(uart_revb.o)
                0x0000000010004548                MXC_UART_RevB_Init
 .text.MXC_UART_RevB_SetFrequency
                0x00000000100045b8       0x9c /Users/vinz/MaximSDK/Libraries/PeriphDrivers/bin/MAX78000/softfp/libPeriphDriver_softfp.a(uart_revb.o)
                0x00000000100045b8                MXC_UART_RevB_SetFrequency
 .text.MXC_UART_RevB_GetFrequency
                0x0000000010004654       0x7c /Users/vinz/MaximSDK/Libraries/PeriphDrivers/bin/MAX78000/softfp/libPeriphDriver_softfp.a(uart_revb.o)
                0x0000000010004654                MXC_UART_RevB_GetFrequency
 .text.MXC_UART_RevB_SetDataSize
                0x00000000100046d0       0x40 /Users/vinz/MaximSDK/Libraries/PeriphDrivers/bin/MAX78000/softfp/libPeriphDriver_softfp.a(uart_revb.o)
                0x00000000100046d0                MXC_UART_RevB_SetDataSize
 .text.MXC_UART_RevB_SetStopBits
                0x0000000010004710       0x4c /Users/vinz/MaximSDK/Libraries/PeriphDrivers/bin/MAX78000/softfp/libPeriphDriver_softfp.a(uart_revb.o)
                0x0000000010004710                MXC_UART_RevB_SetStopBits
 .text.MXC_UART_RevB_SetParity
                0x000000001000475c       0xb4 /Users/vinz/MaximSDK/Libraries/PeriphDrivers/bin/MAX78000/softfp/libPeriphDriver_softfp.a(uart_revb.o)
                0x000000001000475c                MXC_UART_RevB_SetParity
 .text.MXC_UART_RevB_ReadCharacterRaw
                0x0000000010004810       0x38 /Users/vinz/MaximSDK/Libraries/PeriphDrivers/bin/MAX78000/softfp/libPeriphDriver_softfp.a(uart_revb.o)
                0x0000000010004810                MXC_UART_RevB_ReadCharacterRaw
 .text.MXC_UART_RevB_WriteCharacterRaw
                0x0000000010004848       0x3c /Users/vinz/MaximSDK/Libraries/PeriphDrivers/bin/MAX78000/softfp/libPeriphDriver_softfp.a(uart_revb.o)
                0x0000000010004848                MXC_UART_RevB_WriteCharacterRaw
 .text.MXC_UART_RevB_GetRXFIFOAvailable
                0x0000000010004884        0x8 /Users/vinz/MaximSDK/Libraries/PeriphDrivers/bin/MAX78000/softfp/libPeriphDriver_softfp.a(uart_revb.o)
                0x0000000010004884                MXC_UART_RevB_GetRXFIFOAvailable
 .text.MXC_UART_RevB_GetTXFIFOAvailable
                0x000000001000488c        0xc /Users/vinz/MaximSDK/Libraries/PeriphDrivers/bin/MAX78000/softfp/libPeriphDriver_softfp.a(uart_revb.o)
                0x000000001000488c                MXC_UART_RevB_GetTXFIFOAvailable
 .text.MXC_UART_RevB_SetRXThreshold
                0x0000000010004898       0x40 /Users/vinz/MaximSDK/Libraries/PeriphDrivers/bin/MAX78000/softfp/libPeriphDriver_softfp.a(uart_revb.o)
                0x0000000010004898                MXC_UART_RevB_SetRXThreshold
 .text.MXC_GetLock
                0x00000000100048d8       0x1c /Users/vinz/MaximSDK/Libraries/PeriphDrivers/bin/MAX78000/softfp/libPeriphDriver_softfp.a(mxc_lock.o)
                0x00000000100048d8                MXC_GetLock
 .text.MXC_FreeLock
                0x00000000100048f4        0xc /Users/vinz/MaximSDK/Libraries/PeriphDrivers/bin/MAX78000/softfp/libPeriphDriver_softfp.a(mxc_lock.o)
                0x00000000100048f4                MXC_FreeLock
 .text.MXC_GPIO_Common_Init
                0x0000000010004900       0x24 /Users/vinz/MaximSDK/Libraries/PeriphDrivers/bin/MAX78000/softfp/libPeriphDriver_softfp.a(gpio_common.o)
                0x0000000010004900                MXC_GPIO_Common_Init
 .text.MXC_GPIO_Common_Handler
                0x0000000010004924       0x88 /Users/vinz/MaximSDK/Libraries/PeriphDrivers/bin/MAX78000/softfp/libPeriphDriver_softfp.a(gpio_common.o)
                0x0000000010004924                MXC_GPIO_Common_Handler
 .text.MXC_TMR_Common_TO_Stop
                0x00000000100049ac       0x14 /Users/vinz/MaximSDK/Libraries/PeriphDrivers/bin/MAX78000/softfp/libPeriphDriver_softfp.a(tmr_common.o)
                0x00000000100049ac                MXC_TMR_Common_TO_Stop
 .text.MXC_TMR_Common_SW_Start
                0x00000000100049c0        0x8 /Users/vinz/MaximSDK/Libraries/PeriphDrivers/bin/MAX78000/softfp/libPeriphDriver_softfp.a(tmr_common.o)
                0x00000000100049c0                MXC_TMR_Common_SW_Start
 .text.MXC_TMR_Common_SW_Stop
                0x00000000100049c8       0x14 /Users/vinz/MaximSDK/Libraries/PeriphDrivers/bin/MAX78000/softfp/libPeriphDriver_softfp.a(tmr_common.o)
                0x00000000100049c8                MXC_TMR_Common_SW_Stop
 .text.MXC_TMR_Common_TO_Elapsed
                0x00000000100049dc       0x54 /Users/vinz/MaximSDK/Libraries/PeriphDrivers/bin/MAX78000/softfp/libPeriphDriver_softfp.a(tmr_common.o)
                0x00000000100049dc                MXC_TMR_Common_TO_Elapsed
 .text.__errno  0x0000000010004a30        0xc /Users/vinz/MaximSDK/Tools/GNUTools/10.3/bin/../lib/gcc/arm-none-eabi/10.3.1/../../../../arm-none-eabi/lib/thumb/v7e-m+fp/softfp/libc.a(lib_a-errno.o)
                0x0000000010004a30                __errno
 .text.__libc_init_array
                0x0000000010004a3c       0x48 /Users/vinz/MaximSDK/Tools/GNUTools/10.3/bin/../lib/gcc/arm-none-eabi/10.3.1/../../../../arm-none-eabi/lib/thumb/v7e-m+fp/softfp/libc.a(lib_a-init.o)
                0x0000000010004a3c                __libc_init_array
 .text.malloc   0x0000000010004a84       0x10 /Users/vinz/MaximSDK/Tools/GNUTools/10.3/bin/../lib/gcc/arm-none-eabi/10.3.1/../../../../arm-none-eabi/lib/thumb/v7e-m+fp/softfp/libc.a(lib_a-malloc.o)
                0x0000000010004a84                malloc
 .text.free     0x0000000010004a94       0x10 /Users/vinz/MaximSDK/Tools/GNUTools/10.3/bin/../lib/gcc/arm-none-eabi/10.3.1/../../../../arm-none-eabi/lib/thumb/v7e-m+fp/softfp/libc.a(lib_a-malloc.o)
                0x0000000010004a94                free
 .text._malloc_r
                0x0000000010004aa4      0x560 /Users/vinz/MaximSDK/Tools/GNUTools/10.3/bin/../lib/gcc/arm-none-eabi/10.3.1/../../../../arm-none-eabi/lib/thumb/v7e-m+fp/softfp/libc.a(lib_a-mallocr.o)
                0x0000000010004aa4                _malloc_r
 .text          0x0000000010005004      0x134 /Users/vinz/MaximSDK/Tools/GNUTools/10.3/bin/../lib/gcc/arm-none-eabi/10.3.1/../../../../arm-none-eabi/lib/thumb/v7e-m+fp/softfp/libc.a(lib_a-memcpy.o)
                0x0000000010005004                memcpy
 .text.memset   0x0000000010005138       0xa4 /Users/vinz/MaximSDK/Tools/GNUTools/10.3/bin/../lib/gcc/arm-none-eabi/10.3.1/../../../../arm-none-eabi/lib/thumb/v7e-m+fp/softfp/libc.a(lib_a-memset.o)
                0x0000000010005138                memset
 .text.__malloc_lock
                0x00000000100051dc        0xc /Users/vinz/MaximSDK/Tools/GNUTools/10.3/bin/../lib/gcc/arm-none-eabi/10.3.1/../../../../arm-none-eabi/lib/thumb/v7e-m+fp/softfp/libc.a(lib_a-mlock.o)
                0x00000000100051dc                __malloc_lock
 .text.__malloc_unlock
                0x00000000100051e8        0xc /Users/vinz/MaximSDK/Tools/GNUTools/10.3/bin/../lib/gcc/arm-none-eabi/10.3.1/../../../../arm-none-eabi/lib/thumb/v7e-m+fp/softfp/libc.a(lib_a-mlock.o)
                0x00000000100051e8                __malloc_unlock
 .text.printf   0x00000000100051f4       0x28 /Users/vinz/MaximSDK/Tools/GNUTools/10.3/bin/../lib/gcc/arm-none-eabi/10.3.1/../../../../arm-none-eabi/lib/thumb/v7e-m+fp/softfp/libc.a(lib_a-printf.o)
                0x00000000100051f4                printf
 .text.putchar  0x000000001000521c       0x10 /Users/vinz/MaximSDK/Tools/GNUTools/10.3/bin/../lib/gcc/arm-none-eabi/10.3.1/../../../../arm-none-eabi/lib/thumb/v7e-m+fp/softfp/libc.a(lib_a-putchar.o)
                0x000000001000521c                putchar
 .text._puts_r  0x000000001000522c       0x9c /Users/vinz/MaximSDK/Tools/GNUTools/10.3/bin/../lib/gcc/arm-none-eabi/10.3.1/../../../../arm-none-eabi/lib/thumb/v7e-m+fp/softfp/libc.a(lib_a-puts.o)
                0x000000001000522c                _puts_r
 .text.puts     0x00000000100052c8       0x10 /Users/vinz/MaximSDK/Tools/GNUTools/10.3/bin/../lib/gcc/arm-none-eabi/10.3.1/../../../../arm-none-eabi/lib/thumb/v7e-m+fp/softfp/libc.a(lib_a-puts.o)
                0x00000000100052c8                puts
 .text._sbrk_r  0x00000000100052d8       0x24 /Users/vinz/MaximSDK/Tools/GNUTools/10.3/bin/../lib/gcc/arm-none-eabi/10.3.1/../../../../arm-none-eabi/lib/thumb/v7e-m+fp/softfp/libc.a(lib_a-sbrkr.o)
                0x00000000100052d8                _sbrk_r
 .text.snprintf
                0x00000000100052fc       0x88 /Users/vinz/MaximSDK/Tools/GNUTools/10.3/bin/../lib/gcc/arm-none-eabi/10.3.1/../../../../arm-none-eabi/lib/thumb/v7e-m+fp/softfp/libc.a(lib_a-snprintf.o)
                0x00000000100052fc                snprintf
 *fill*         0x0000000010005384       0x3c 
 .text          0x00000000100053c0       0xdc /Users/vinz/MaximSDK/Tools/GNUTools/10.3/bin/../lib/gcc/arm-none-eabi/10.3.1/../../../../arm-none-eabi/lib/thumb/v7e-m+fp/softfp/libc.a(lib_a-strlen.o)
                0x00000000100053c0                strlen
 *fill*         0x000000001000549c        0x4 
 .text._svfprintf_r
                0x00000000100054a0     0x1ac8 /Users/vinz/MaximSDK/Tools/GNUTools/10.3/bin/../lib/gcc/arm-none-eabi/10.3.1/../../../../arm-none-eabi/lib/thumb/v7e-m+fp/softfp/libc.a(lib_a-svfprintf.o)
                0x00000000100054a0                _svfprintf_r
 .text._vfprintf_r
                0x0000000010006f68     0x1b8c /Users/vinz/MaximSDK/Tools/GNUTools/10.3/bin/../lib/gcc/arm-none-eabi/10.3.1/../../../../arm-none-eabi/lib/thumb/v7e-m+fp/softfp/libc.a(lib_a-vfprintf.o)
                0x0000000010006f68                _vfprintf_r
 .text.__sbprintf
                0x0000000010008af4       0x80 /Users/vinz/MaximSDK/Tools/GNUTools/10.3/bin/../lib/gcc/arm-none-eabi/10.3.1/../../../../arm-none-eabi/lib/thumb/v7e-m+fp/softfp/libc.a(lib_a-vfprintf.o)
 .text.__swsetup_r
                0x0000000010008b74       0xd4 /Users/vinz/MaximSDK/Tools/GNUTools/10.3/bin/../lib/gcc/arm-none-eabi/10.3.1/../../../../arm-none-eabi/lib/thumb/v7e-m+fp/softfp/libc.a(lib_a-wsetup.o)
                0x0000000010008b74                __swsetup_r
 .text.startup.register_fini
                0x0000000010008c48       0x14 /Users/vinz/MaximSDK/Tools/GNUTools/10.3/bin/../lib/gcc/arm-none-eabi/10.3.1/../../../../arm-none-eabi/lib/thumb/v7e-m+fp/softfp/libc.a(lib_a-__call_atexit.o)
 .text.atexit   0x0000000010008c5c        0xc /Users/vinz/MaximSDK/Tools/GNUTools/10.3/bin/../lib/gcc/arm-none-eabi/10.3.1/../../../../arm-none-eabi/lib/thumb/v7e-m+fp/softfp/libc.a(lib_a-atexit.o)
                0x0000000010008c5c                atexit
 .text.quorem   0x0000000010008c68      0x128 /Users/vinz/MaximSDK/Tools/GNUTools/10.3/bin/../lib/gcc/arm-none-eabi/10.3.1/../../../../arm-none-eabi/lib/thumb/v7e-m+fp/softfp/libc.a(lib_a-dtoa.o)
 .text._dtoa_r  0x0000000010008d90      0xf34 /Users/vinz/MaximSDK/Tools/GNUTools/10.3/bin/../lib/gcc/arm-none-eabi/10.3.1/../../../../arm-none-eabi/lib/thumb/v7e-m+fp/softfp/libc.a(lib_a-dtoa.o)
                0x0000000010008d90                _dtoa_r
 .text.__sflush_r
                0x0000000010009cc4      0x130 /Users/vinz/MaximSDK/Tools/GNUTools/10.3/bin/../lib/gcc/arm-none-eabi/10.3.1/../../../../arm-none-eabi/lib/thumb/v7e-m+fp/softfp/libc.a(lib_a-fflush.o)
                0x0000000010009cc4                __sflush_r
 .text._fflush_r
                0x0000000010009df4       0x5c /Users/vinz/MaximSDK/Tools/GNUTools/10.3/bin/../lib/gcc/arm-none-eabi/10.3.1/../../../../arm-none-eabi/lib/thumb/v7e-m+fp/softfp/libc.a(lib_a-fflush.o)
                0x0000000010009df4                _fflush_r
 .text._cleanup_r
                0x0000000010009e50        0xc /Users/vinz/MaximSDK/Tools/GNUTools/10.3/bin/../lib/gcc/arm-none-eabi/10.3.1/../../../../arm-none-eabi/lib/thumb/v7e-m+fp/softfp/libc.a(lib_a-findfp.o)
                0x0000000010009e50                _cleanup_r
 .text.__sinit  0x0000000010009e5c      0x10c /Users/vinz/MaximSDK/Tools/GNUTools/10.3/bin/../lib/gcc/arm-none-eabi/10.3.1/../../../../arm-none-eabi/lib/thumb/v7e-m+fp/softfp/libc.a(lib_a-findfp.o)
                0x0000000010009e5c                __sinit
 .text.__sfp_lock_acquire
                0x0000000010009f68        0xc /Users/vinz/MaximSDK/Tools/GNUTools/10.3/bin/../lib/gcc/arm-none-eabi/10.3.1/../../../../arm-none-eabi/lib/thumb/v7e-m+fp/softfp/libc.a(lib_a-findfp.o)
                0x0000000010009f68                __sfp_lock_acquire
 .text.__sfp_lock_release
                0x0000000010009f74        0xc /Users/vinz/MaximSDK/Tools/GNUTools/10.3/bin/../lib/gcc/arm-none-eabi/10.3.1/../../../../arm-none-eabi/lib/thumb/v7e-m+fp/softfp/libc.a(lib_a-findfp.o)
                0x0000000010009f74                __sfp_lock_release
 .text.__libc_fini_array
                0x0000000010009f80       0x2c /Users/vinz/MaximSDK/Tools/GNUTools/10.3/bin/../lib/gcc/arm-none-eabi/10.3.1/../../../../arm-none-eabi/lib/thumb/v7e-m+fp/softfp/libc.a(lib_a-fini.o)
                0x0000000010009f80                __libc_fini_array
 .text._malloc_trim_r
                0x0000000010009fac       0xa0 /Users/vinz/MaximSDK/Tools/GNUTools/10.3/bin/../lib/gcc/arm-none-eabi/10.3.1/../../../../arm-none-eabi/lib/thumb/v7e-m+fp/softfp/libc.a(lib_a-freer.o)
                0x0000000010009fac                _malloc_trim_r
 .text._free_r  0x000000001000a04c      0x20c /Users/vinz/MaximSDK/Tools/GNUTools/10.3/bin/../lib/gcc/arm-none-eabi/10.3.1/../../../../arm-none-eabi/lib/thumb/v7e-m+fp/softfp/libc.a(lib_a-freer.o)
                0x000000001000a04c                _free_r
 .text.__sfvwrite_r
                0x000000001000a258      0x2f0 /Users/vinz/MaximSDK/Tools/GNUTools/10.3/bin/../lib/gcc/arm-none-eabi/10.3.1/../../../../arm-none-eabi/lib/thumb/v7e-m+fp/softfp/libc.a(lib_a-fvwrite.o)
                0x000000001000a258                __sfvwrite_r
 .text._fwalk_reent
                0x000000001000a548       0x48 /Users/vinz/MaximSDK/Tools/GNUTools/10.3/bin/../lib/gcc/arm-none-eabi/10.3.1/../../../../arm-none-eabi/lib/thumb/v7e-m+fp/softfp/libc.a(lib_a-fwalk.o)
                0x000000001000a548                _fwalk_reent
 .text._localeconv_r
                0x000000001000a590        0x8 /Users/vinz/MaximSDK/Tools/GNUTools/10.3/bin/../lib/gcc/arm-none-eabi/10.3.1/../../../../arm-none-eabi/lib/thumb/v7e-m+fp/softfp/libc.a(lib_a-localeconv.o)
                0x000000001000a590                _localeconv_r
 .text.__retarget_lock_init_recursive
                0x000000001000a598        0x4 /Users/vinz/MaximSDK/Tools/GNUTools/10.3/bin/../lib/gcc/arm-none-eabi/10.3.1/../../../../arm-none-eabi/lib/thumb/v7e-m+fp/softfp/libc.a(lib_a-lock.o)
                0x000000001000a598                __retarget_lock_init_recursive
 .text.__retarget_lock_close_recursive
                0x000000001000a59c        0x4 /Users/vinz/MaximSDK/Tools/GNUTools/10.3/bin/../lib/gcc/arm-none-eabi/10.3.1/../../../../arm-none-eabi/lib/thumb/v7e-m+fp/softfp/libc.a(lib_a-lock.o)
                0x000000001000a59c                __retarget_lock_close_recursive
 .text.__retarget_lock_acquire_recursive
                0x000000001000a5a0        0x4 /Users/vinz/MaximSDK/Tools/GNUTools/10.3/bin/../lib/gcc/arm-none-eabi/10.3.1/../../../../arm-none-eabi/lib/thumb/v7e-m+fp/softfp/libc.a(lib_a-lock.o)
                0x000000001000a5a0                __retarget_lock_acquire_recursive
 .text.__retarget_lock_release_recursive
                0x000000001000a5a4        0x4 /Users/vinz/MaximSDK/Tools/GNUTools/10.3/bin/../lib/gcc/arm-none-eabi/10.3.1/../../../../arm-none-eabi/lib/thumb/v7e-m+fp/softfp/libc.a(lib_a-lock.o)
                0x000000001000a5a4                __retarget_lock_release_recursive
 .text.__smakebuf_r
                0x000000001000a5a8       0xe0 /Users/vinz/MaximSDK/Tools/GNUTools/10.3/bin/../lib/gcc/arm-none-eabi/10.3.1/../../../../arm-none-eabi/lib/thumb/v7e-m+fp/softfp/libc.a(lib_a-makebuf.o)
                0x000000001000a5a8                __smakebuf_r
 *fill*         0x000000001000a688        0x8 
 .text          0x000000001000a690       0xa0 /Users/vinz/MaximSDK/Tools/GNUTools/10.3/bin/../lib/gcc/arm-none-eabi/10.3.1/../../../../arm-none-eabi/lib/thumb/v7e-m+fp/softfp/libc.a(lib_a-memchr.o)
                0x000000001000a690                memchr
 .text.memmove  0x000000001000a730       0xf8 /Users/vinz/MaximSDK/Tools/GNUTools/10.3/bin/../lib/gcc/arm-none-eabi/10.3.1/../../../../arm-none-eabi/lib/thumb/v7e-m+fp/softfp/libc.a(lib_a-memmove.o)
                0x000000001000a730                memmove
 .text._Balloc  0x000000001000a828       0x4c /Users/vinz/MaximSDK/Tools/GNUTools/10.3/bin/../lib/gcc/arm-none-eabi/10.3.1/../../../../arm-none-eabi/lib/thumb/v7e-m+fp/softfp/libc.a(lib_a-mprec.o)
                0x000000001000a828                _Balloc
 .text._Bfree   0x000000001000a874       0x14 /Users/vinz/MaximSDK/Tools/GNUTools/10.3/bin/../lib/gcc/arm-none-eabi/10.3.1/../../../../arm-none-eabi/lib/thumb/v7e-m+fp/softfp/libc.a(lib_a-mprec.o)
                0x000000001000a874                _Bfree
 .text.__multadd
                0x000000001000a888       0xa8 /Users/vinz/MaximSDK/Tools/GNUTools/10.3/bin/../lib/gcc/arm-none-eabi/10.3.1/../../../../arm-none-eabi/lib/thumb/v7e-m+fp/softfp/libc.a(lib_a-mprec.o)
                0x000000001000a888                __multadd
 .text.__hi0bits
                0x000000001000a930       0x40 /Users/vinz/MaximSDK/Tools/GNUTools/10.3/bin/../lib/gcc/arm-none-eabi/10.3.1/../../../../arm-none-eabi/lib/thumb/v7e-m+fp/softfp/libc.a(lib_a-mprec.o)
                0x000000001000a930                __hi0bits
 .text.__lo0bits
                0x000000001000a970       0x60 /Users/vinz/MaximSDK/Tools/GNUTools/10.3/bin/../lib/gcc/arm-none-eabi/10.3.1/../../../../arm-none-eabi/lib/thumb/v7e-m+fp/softfp/libc.a(lib_a-mprec.o)
                0x000000001000a970                __lo0bits
 .text.__i2b    0x000000001000a9d0       0x5c /Users/vinz/MaximSDK/Tools/GNUTools/10.3/bin/../lib/gcc/arm-none-eabi/10.3.1/../../../../arm-none-eabi/lib/thumb/v7e-m+fp/softfp/libc.a(lib_a-mprec.o)
                0x000000001000a9d0                __i2b
 .text.__multiply
                0x000000001000aa2c      0x15c /Users/vinz/MaximSDK/Tools/GNUTools/10.3/bin/../lib/gcc/arm-none-eabi/10.3.1/../../../../arm-none-eabi/lib/thumb/v7e-m+fp/softfp/libc.a(lib_a-mprec.o)
                0x000000001000aa2c                __multiply
 .text.__pow5mult
                0x000000001000ab88       0xc0 /Users/vinz/MaximSDK/Tools/GNUTools/10.3/bin/../lib/gcc/arm-none-eabi/10.3.1/../../../../arm-none-eabi/lib/thumb/v7e-m+fp/softfp/libc.a(lib_a-mprec.o)
                0x000000001000ab88                __pow5mult
 .text.__lshift
                0x000000001000ac48       0xf0 /Users/vinz/MaximSDK/Tools/GNUTools/10.3/bin/../lib/gcc/arm-none-eabi/10.3.1/../../../../arm-none-eabi/lib/thumb/v7e-m+fp/softfp/libc.a(lib_a-mprec.o)
                0x000000001000ac48                __lshift
 .text.__mcmp   0x000000001000ad38       0x44 /Users/vinz/MaximSDK/Tools/GNUTools/10.3/bin/../lib/gcc/arm-none-eabi/10.3.1/../../../../arm-none-eabi/lib/thumb/v7e-m+fp/softfp/libc.a(lib_a-mprec.o)
                0x000000001000ad38                __mcmp
 .text.__mdiff  0x000000001000ad7c      0x14c /Users/vinz/MaximSDK/Tools/GNUTools/10.3/bin/../lib/gcc/arm-none-eabi/10.3.1/../../../../arm-none-eabi/lib/thumb/v7e-m+fp/softfp/libc.a(lib_a-mprec.o)
                0x000000001000ad7c                __mdiff
 .text.__d2b    0x000000001000aec8       0xc4 /Users/vinz/MaximSDK/Tools/GNUTools/10.3/bin/../lib/gcc/arm-none-eabi/10.3.1/../../../../arm-none-eabi/lib/thumb/v7e-m+fp/softfp/libc.a(lib_a-mprec.o)
                0x000000001000aec8                __d2b
 .text._putc_r  0x000000001000af8c       0x74 /Users/vinz/MaximSDK/Tools/GNUTools/10.3/bin/../lib/gcc/arm-none-eabi/10.3.1/../../../../arm-none-eabi/lib/thumb/v7e-m+fp/softfp/libc.a(lib_a-putc.o)
                0x000000001000af8c                _putc_r
 .text._realloc_r
                0x000000001000b000      0x3d8 /Users/vinz/MaximSDK/Tools/GNUTools/10.3/bin/../lib/gcc/arm-none-eabi/10.3.1/../../../../arm-none-eabi/lib/thumb/v7e-m+fp/softfp/libc.a(lib_a-reallocr.o)
                0x000000001000b000                _realloc_r
 .text.frexp    0x000000001000b3d8       0x70 /Users/vinz/MaximSDK/Tools/GNUTools/10.3/bin/../lib/gcc/arm-none-eabi/10.3.1/../../../../arm-none-eabi/lib/thumb/v7e-m+fp/softfp/libc.a(lib_a-s_frexp.o)
                0x000000001000b3d8                frexp
 .text.__sread  0x000000001000b448       0x24 /Users/vinz/MaximSDK/Tools/GNUTools/10.3/bin/../lib/gcc/arm-none-eabi/10.3.1/../../../../arm-none-eabi/lib/thumb/v7e-m+fp/softfp/libc.a(lib_a-stdio.o)
                0x000000001000b448                __sread
 .text.__swrite
                0x000000001000b46c       0x40 /Users/vinz/MaximSDK/Tools/GNUTools/10.3/bin/../lib/gcc/arm-none-eabi/10.3.1/../../../../arm-none-eabi/lib/thumb/v7e-m+fp/softfp/libc.a(lib_a-stdio.o)
                0x000000001000b46c                __swrite
 .text.__sseek  0x000000001000b4ac       0x20 /Users/vinz/MaximSDK/Tools/GNUTools/10.3/bin/../lib/gcc/arm-none-eabi/10.3.1/../../../../arm-none-eabi/lib/thumb/v7e-m+fp/softfp/libc.a(lib_a-stdio.o)
                0x000000001000b4ac                __sseek
 .text.__sclose
                0x000000001000b4cc        0x8 /Users/vinz/MaximSDK/Tools/GNUTools/10.3/bin/../lib/gcc/arm-none-eabi/10.3.1/../../../../arm-none-eabi/lib/thumb/v7e-m+fp/softfp/libc.a(lib_a-stdio.o)
                0x000000001000b4cc                __sclose
 .text.strncpy  0x000000001000b4d4       0x64 /Users/vinz/MaximSDK/Tools/GNUTools/10.3/bin/../lib/gcc/arm-none-eabi/10.3.1/../../../../arm-none-eabi/lib/thumb/v7e-m+fp/softfp/libc.a(lib_a-strncpy.o)
                0x000000001000b4d4                strncpy
 .text.__ssprint_r
                0x000000001000b538       0xf8 /Users/vinz/MaximSDK/Tools/GNUTools/10.3/bin/../lib/gcc/arm-none-eabi/10.3.1/../../../../arm-none-eabi/lib/thumb/v7e-m+fp/softfp/libc.a(lib_a-svfiprintf.o)
                0x000000001000b538                __ssprint_r
 .text.__sprint_r.part.0
                0x000000001000b630       0x78 /Users/vinz/MaximSDK/Tools/GNUTools/10.3/bin/../lib/gcc/arm-none-eabi/10.3.1/../../../../arm-none-eabi/lib/thumb/v7e-m+fp/softfp/libc.a(lib_a-vfiprintf.o)
 .text.__sprint_r
                0x000000001000b6a8       0x18 /Users/vinz/MaximSDK/Tools/GNUTools/10.3/bin/../lib/gcc/arm-none-eabi/10.3.1/../../../../arm-none-eabi/lib/thumb/v7e-m+fp/softfp/libc.a(lib_a-vfiprintf.o)
                0x000000001000b6a8                __sprint_r
 .text._vfiprintf_r
                0x000000001000b6c0      0xdfc /Users/vinz/MaximSDK/Tools/GNUTools/10.3/bin/../lib/gcc/arm-none-eabi/10.3.1/../../../../arm-none-eabi/lib/thumb/v7e-m+fp/softfp/libc.a(lib_a-vfiprintf.o)
                0x000000001000b6c0                _vfiprintf_r
 .text.__sbprintf
                0x000000001000c4bc       0x80 /Users/vinz/MaximSDK/Tools/GNUTools/10.3/bin/../lib/gcc/arm-none-eabi/10.3.1/../../../../arm-none-eabi/lib/thumb/v7e-m+fp/softfp/libc.a(lib_a-vfiprintf.o)
 .text.__swbuf_r
                0x000000001000c53c       0xb0 /Users/vinz/MaximSDK/Tools/GNUTools/10.3/bin/../lib/gcc/arm-none-eabi/10.3.1/../../../../arm-none-eabi/lib/thumb/v7e-m+fp/softfp/libc.a(lib_a-wbuf.o)
                0x000000001000c53c                __swbuf_r
 .text._write_r
                0x000000001000c5ec       0x2c /Users/vinz/MaximSDK/Tools/GNUTools/10.3/bin/../lib/gcc/arm-none-eabi/10.3.1/../../../../arm-none-eabi/lib/thumb/v7e-m+fp/softfp/libc.a(lib_a-writer.o)
                0x000000001000c5ec                _write_r
 .text.__register_exitproc
                0x000000001000c618       0x8c /Users/vinz/MaximSDK/Tools/GNUTools/10.3/bin/../lib/gcc/arm-none-eabi/10.3.1/../../../../arm-none-eabi/lib/thumb/v7e-m+fp/softfp/libc.a(lib_a-__atexit.o)
                0x000000001000c618                __register_exitproc
 .text.__assert_func
                0x000000001000c6a4       0x40 /Users/vinz/MaximSDK/Tools/GNUTools/10.3/bin/../lib/gcc/arm-none-eabi/10.3.1/../../../../arm-none-eabi/lib/thumb/v7e-m+fp/softfp/libc.a(lib_a-assert.o)
                0x000000001000c6a4                __assert_func
 .text._calloc_r
                0x000000001000c6e4       0x78 /Users/vinz/MaximSDK/Tools/GNUTools/10.3/bin/../lib/gcc/arm-none-eabi/10.3.1/../../../../arm-none-eabi/lib/thumb/v7e-m+fp/softfp/libc.a(lib_a-callocr.o)
                0x000000001000c6e4                _calloc_r
 .text._close_r
                0x000000001000c75c       0x24 /Users/vinz/MaximSDK/Tools/GNUTools/10.3/bin/../lib/gcc/arm-none-eabi/10.3.1/../../../../arm-none-eabi/lib/thumb/v7e-m+fp/softfp/libc.a(lib_a-closer.o)
                0x000000001000c75c                _close_r
 .text._fclose_r
                0x000000001000c780       0xcc /Users/vinz/MaximSDK/Tools/GNUTools/10.3/bin/../lib/gcc/arm-none-eabi/10.3.1/../../../../arm-none-eabi/lib/thumb/v7e-m+fp/softfp/libc.a(lib_a-fclose.o)
                0x000000001000c780                _fclose_r
 .text.fiprintf
                0x000000001000c84c       0x28 /Users/vinz/MaximSDK/Tools/GNUTools/10.3/bin/../lib/gcc/arm-none-eabi/10.3.1/../../../../arm-none-eabi/lib/thumb/v7e-m+fp/softfp/libc.a(lib_a-fiprintf.o)
                0x000000001000c84c                fiprintf
 .text.__fputwc
                0x000000001000c874       0xa8 /Users/vinz/MaximSDK/Tools/GNUTools/10.3/bin/../lib/gcc/arm-none-eabi/10.3.1/../../../../arm-none-eabi/lib/thumb/v7e-m+fp/softfp/libc.a(lib_a-fputwc.o)
                0x000000001000c874                __fputwc
 .text._fputwc_r
                0x000000001000c91c       0x68 /Users/vinz/MaximSDK/Tools/GNUTools/10.3/bin/../lib/gcc/arm-none-eabi/10.3.1/../../../../arm-none-eabi/lib/thumb/v7e-m+fp/softfp/libc.a(lib_a-fputwc.o)
                0x000000001000c91c                _fputwc_r
 .text._fstat_r
                0x000000001000c984       0x2c /Users/vinz/MaximSDK/Tools/GNUTools/10.3/bin/../lib/gcc/arm-none-eabi/10.3.1/../../../../arm-none-eabi/lib/thumb/v7e-m+fp/softfp/libc.a(lib_a-fstatr.o)
                0x000000001000c984                _fstat_r
 .text._isatty_r
                0x000000001000c9b0       0x24 /Users/vinz/MaximSDK/Tools/GNUTools/10.3/bin/../lib/gcc/arm-none-eabi/10.3.1/../../../../arm-none-eabi/lib/thumb/v7e-m+fp/softfp/libc.a(lib_a-isattyr.o)
                0x000000001000c9b0                _isatty_r
 .text.__locale_mb_cur_max
                0x000000001000c9d4        0xc /Users/vinz/MaximSDK/Tools/GNUTools/10.3/bin/../lib/gcc/arm-none-eabi/10.3.1/../../../../arm-none-eabi/lib/thumb/v7e-m+fp/softfp/libc.a(lib_a-locale.o)
                0x000000001000c9d4                __locale_mb_cur_max
 .text._lseek_r
                0x000000001000c9e0       0x2c /Users/vinz/MaximSDK/Tools/GNUTools/10.3/bin/../lib/gcc/arm-none-eabi/10.3.1/../../../../arm-none-eabi/lib/thumb/v7e-m+fp/softfp/libc.a(lib_a-lseekr.o)
                0x000000001000c9e0                _lseek_r
 .text.__ascii_mbtowc
                0x000000001000ca0c       0x2c /Users/vinz/MaximSDK/Tools/GNUTools/10.3/bin/../lib/gcc/arm-none-eabi/10.3.1/../../../../arm-none-eabi/lib/thumb/v7e-m+fp/softfp/libc.a(lib_a-mbtowc_r.o)
                0x000000001000ca0c                __ascii_mbtowc
 .text._read_r  0x000000001000ca38       0x2c /Users/vinz/MaximSDK/Tools/GNUTools/10.3/bin/../lib/gcc/arm-none-eabi/10.3.1/../../../../arm-none-eabi/lib/thumb/v7e-m+fp/softfp/libc.a(lib_a-readr.o)
                0x000000001000ca38                _read_r
 .text._wcrtomb_r
                0x000000001000ca64       0x3c /Users/vinz/MaximSDK/Tools/GNUTools/10.3/bin/../lib/gcc/arm-none-eabi/10.3.1/../../../../arm-none-eabi/lib/thumb/v7e-m+fp/softfp/libc.a(lib_a-wcrtomb.o)
                0x000000001000ca64                _wcrtomb_r
 .text.__ascii_wctomb
                0x000000001000caa0       0x1c /Users/vinz/MaximSDK/Tools/GNUTools/10.3/bin/../lib/gcc/arm-none-eabi/10.3.1/../../../../arm-none-eabi/lib/thumb/v7e-m+fp/softfp/libc.a(lib_a-wctomb_r.o)
                0x000000001000caa0                __ascii_wctomb
 .text.abort    0x000000001000cabc       0x10 /Users/vinz/MaximSDK/Tools/GNUTools/10.3/bin/../lib/gcc/arm-none-eabi/10.3.1/../../../../arm-none-eabi/lib/thumb/v7e-m+fp/softfp/libc.a(lib_a-abort.o)
                0x000000001000cabc                abort
 .text.raise    0x000000001000cacc       0x5c /Users/vinz/MaximSDK/Tools/GNUTools/10.3/bin/../lib/gcc/arm-none-eabi/10.3.1/../../../../arm-none-eabi/lib/thumb/v7e-m+fp/softfp/libc.a(lib_a-signal.o)
                0x000000001000cacc                raise
 .text._kill_r  0x000000001000cb28       0x2c /Users/vinz/MaximSDK/Tools/GNUTools/10.3/bin/../lib/gcc/arm-none-eabi/10.3.1/../../../../arm-none-eabi/lib/thumb/v7e-m+fp/softfp/libc.a(lib_a-signalr.o)
                0x000000001000cb28                _kill_r
 .text._getpid_r
                0x000000001000cb54        0x4 /Users/vinz/MaximSDK/Tools/GNUTools/10.3/bin/../lib/gcc/arm-none-eabi/10.3.1/../../../../arm-none-eabi/lib/thumb/v7e-m+fp/softfp/libc.a(lib_a-signalr.o)
                0x000000001000cb54                _getpid_r
 .text._getpid  0x000000001000cb58       0x10 /Users/vinz/MaximSDK/Tools/GNUTools/10.3/bin/../lib/gcc/arm-none-eabi/10.3.1/../../../../arm-none-eabi/lib/thumb/v7e-m+fp/softfp/libnosys.a(getpid.o)
                0x000000001000cb58                _getpid
 .text._kill    0x000000001000cb68       0x10 /Users/vinz/MaximSDK/Tools/GNUTools/10.3/bin/../lib/gcc/arm-none-eabi/10.3.1/../../../../arm-none-eabi/lib/thumb/v7e-m+fp/softfp/libnosys.a(kill.o)
                0x000000001000cb68                _kill
 .text._exit    0x000000001000cb78        0x4 /Users/vinz/MaximSDK/Tools/GNUTools/10.3/bin/../lib/gcc/arm-none-eabi/10.3.1/../../../../arm-none-eabi/lib/thumb/v7e-m+fp/softfp/libnosys.a(_exit.o)
                0x000000001000cb78                _exit
 .text          0x000000001000cb7c      0x378 /Users/vinz/MaximSDK/Tools/GNUTools/10.3/bin/../lib/gcc/arm-none-eabi/10.3.1/thumb/v7e-m+fp/softfp/libgcc.a(_arm_addsubdf3.o)
                0x000000001000cb7c                __aeabi_drsub
                0x000000001000cb84                __subdf3
                0x000000001000cb84                __aeabi_dsub
                0x000000001000cb88                __aeabi_dadd
                0x000000001000cb88                __adddf3
                0x000000001000ce00                __aeabi_ui2d
                0x000000001000ce00                __floatunsidf
                0x000000001000ce20                __floatsidf
                0x000000001000ce20                __aeabi_i2d
                0x000000001000ce44                __extendsfdf2
                0x000000001000ce44                __aeabi_f2d
                0x000000001000ce88                __aeabi_ul2d
                0x000000001000ce88                __floatundidf
                0x000000001000ce98                __aeabi_l2d
                0x000000001000ce98                __floatdidf
 .text          0x000000001000cef4      0x424 /Users/vinz/MaximSDK/Tools/GNUTools/10.3/bin/../lib/gcc/arm-none-eabi/10.3.1/thumb/v7e-m+fp/softfp/libgcc.a(_arm_muldivdf3.o)
                0x000000001000cef4                __aeabi_dmul
                0x000000001000cef4                __muldf3
                0x000000001000d148                __aeabi_ddiv
                0x000000001000d148                __divdf3
 .text          0x000000001000d318      0x110 /Users/vinz/MaximSDK/Tools/GNUTools/10.3/bin/../lib/gcc/arm-none-eabi/10.3.1/thumb/v7e-m+fp/softfp/libgcc.a(_arm_cmpdf2.o)
                0x000000001000d318                __gedf2
                0x000000001000d318                __gtdf2
                0x000000001000d320                __ledf2
                0x000000001000d320                __ltdf2
                0x000000001000d328                __cmpdf2
                0x000000001000d328                __eqdf2
                0x000000001000d328                __nedf2
                0x000000001000d3a4                __aeabi_cdrcmple
                0x000000001000d3b4                __aeabi_cdcmple
                0x000000001000d3b4                __aeabi_cdcmpeq
                0x000000001000d3c4                __aeabi_dcmpeq
                0x000000001000d3d8                __aeabi_dcmplt
                0x000000001000d3ec                __aeabi_dcmple
                0x000000001000d400                __aeabi_dcmpge
                0x000000001000d414                __aeabi_dcmpgt
 .text          0x000000001000d428       0x2c /Users/vinz/MaximSDK/Tools/GNUTools/10.3/bin/../lib/gcc/arm-none-eabi/10.3.1/thumb/v7e-m+fp/softfp/libgcc.a(_arm_unorddf2.o)
                0x000000001000d428                __aeabi_dcmpun
                0x000000001000d428                __unorddf2
 .text          0x000000001000d454       0x50 /Users/vinz/MaximSDK/Tools/GNUTools/10.3/bin/../lib/gcc/arm-none-eabi/10.3.1/thumb/v7e-m+fp/softfp/libgcc.a(_arm_fixdfsi.o)
                0x000000001000d454                __fixdfsi
                0x000000001000d454                __aeabi_d2iz
 .text          0x000000001000d4a4       0xa0 /Users/vinz/MaximSDK/Tools/GNUTools/10.3/bin/../lib/gcc/arm-none-eabi/10.3.1/thumb/v7e-m+fp/softfp/libgcc.a(_aeabi_ldivmod.o)
                0x000000001000d4a4                __aeabi_ldivmod
 .text          0x000000001000d544       0x30 /Users/vinz/MaximSDK/Tools/GNUTools/10.3/bin/../lib/gcc/arm-none-eabi/10.3.1/thumb/v7e-m+fp/softfp/libgcc.a(_aeabi_uldivmod.o)
                0x000000001000d544                __aeabi_uldivmod
 .text          0x000000001000d574      0x2d0 /Users/vinz/MaximSDK/Tools/GNUTools/10.3/bin/../lib/gcc/arm-none-eabi/10.3.1/thumb/v7e-m+fp/softfp/libgcc.a(_udivmoddi4.o)
                0x000000001000d574                __udivmoddi4
 .text          0x000000001000d844        0x4 /Users/vinz/MaximSDK/Tools/GNUTools/10.3/bin/../lib/gcc/arm-none-eabi/10.3.1/thumb/v7e-m+fp/softfp/libgcc.a(_dvmd_tls.o)
                0x000000001000d844                __aeabi_ldiv0
                0x000000001000d844                __aeabi_idiv0
 *(.rodata*)
 .rodata.capture_process_camera.str1.4
                0x000000001000d848       0x14 /Users/vinz/eclipse-workspace/intelnet/build/main.o
 .rodata.main.str1.4
                0x000000001000d85c       0xf1 /Users/vinz/eclipse-workspace/intelnet/build/main.o
 *fill*         0x000000001000d94d        0x3 
 .rodata.classes
                0x000000001000d950       0x3c /Users/vinz/eclipse-workspace/intelnet/build/main.o
                0x000000001000d950                classes
 .rodata.bias_0
                0x000000001000d98c       0x30 /Users/vinz/eclipse-workspace/intelnet/build/cnn.o
 .rodata.bias_1
                0x000000001000d9bc       0x40 /Users/vinz/eclipse-workspace/intelnet/build/cnn.o
 .rodata.bias_2
                0x000000001000d9fc       0x28 /Users/vinz/eclipse-workspace/intelnet/build/cnn.o
 .rodata.bias_3
                0x000000001000da24       0x26 /Users/vinz/eclipse-workspace/intelnet/build/cnn.o
 *fill*         0x000000001000da4a        0x2 
 .rodata.kernels
                0x000000001000da4c     0xf484 /Users/vinz/eclipse-workspace/intelnet/build/cnn.o
 .rodata.mxc_assert.str1.4
                0x000000001001ced0       0x19 /Users/vinz/eclipse-workspace/intelnet/build/board.o
 *fill*         0x000000001001cee9        0x3 
 .rodata.Board_Init.str1.4
                0x000000001001ceec       0x4d /Users/vinz/eclipse-workspace/intelnet/build/board.o
 *fill*         0x000000001001cf39        0x3 
 .rodata.led_pin
                0x000000001001cf3c       0x24 /Users/vinz/eclipse-workspace/intelnet/build/board.o
                0x000000001001cf3c                led_pin
 .rodata.num_leds
                0x000000001001cf60        0x4 /Users/vinz/eclipse-workspace/intelnet/build/board.o
                0x000000001001cf60                num_leds
 .rodata.num_pbs
                0x000000001001cf64        0x4 /Users/vinz/eclipse-workspace/intelnet/build/board.o
                0x000000001001cf64                num_pbs
 .rodata.pb_pin
                0x000000001001cf68       0x18 /Users/vinz/eclipse-workspace/intelnet/build/board.o
                0x000000001001cf68                pb_pin
 .rodata.LED_On.str1.4
                0x000000001001cf80       0x67 /Users/vinz/eclipse-workspace/intelnet/build/led.o
 *fill*         0x000000001001cfe7        0x1 
 .rodata.PB_RegisterCallback.str1.4
                0x000000001001cfe8       0x6d /Users/vinz/eclipse-workspace/intelnet/build/pb.o
 *fill*         0x000000001001d055        0x3 
 .rodata.camera_setup.str1.4
                0x000000001001d058       0x1b /Users/vinz/eclipse-workspace/intelnet/build/camera.o
 *fill*         0x000000001001d073        0x1 
 .rodata.dump_registers.str1.4
                0x000000001001d074       0x12 /Users/vinz/eclipse-workspace/intelnet/build/ov7692.o
 *fill*         0x000000001001d086        0x2 
 .rodata.default_regs
                0x000000001001d088       0x5e /Users/vinz/eclipse-workspace/intelnet/build/ov7692.o
 *fill*         0x000000001001d0e6        0x2 
 .rodata.gpio_cfg_scl
                0x000000001001d0e8        0xc /Users/vinz/eclipse-workspace/intelnet/build/sccb.o
 .rodata.gpio_cfg_sda
                0x000000001001d0f4        0xc /Users/vinz/eclipse-workspace/intelnet/build/sccb.o
 .rodata.gpio_cfg_i2c0
                0x000000001001d100        0xc /Users/vinz/MaximSDK/Libraries/PeriphDrivers/bin/MAX78000/softfp/libPeriphDriver_softfp.a(pins_ai85.o)
                0x000000001001d100                gpio_cfg_i2c0
 .rodata.gpio_cfg_i2c1
                0x000000001001d10c        0xc /Users/vinz/MaximSDK/Libraries/PeriphDrivers/bin/MAX78000/softfp/libPeriphDriver_softfp.a(pins_ai85.o)
                0x000000001001d10c                gpio_cfg_i2c1
 .rodata.gpio_cfg_i2c2
                0x000000001001d118        0xc /Users/vinz/MaximSDK/Libraries/PeriphDrivers/bin/MAX78000/softfp/libPeriphDriver_softfp.a(pins_ai85.o)
                0x000000001001d118                gpio_cfg_i2c2
 .rodata.gpio_cfg_pcif_P0_BITS_0_7
                0x000000001001d124        0xc /Users/vinz/MaximSDK/Libraries/PeriphDrivers/bin/MAX78000/softfp/libPeriphDriver_softfp.a(pins_ai85.o)
                0x000000001001d124                gpio_cfg_pcif_P0_BITS_0_7
 .rodata.gpio_cfg_pcif_P0_BITS_8_9
                0x000000001001d130        0xc /Users/vinz/MaximSDK/Libraries/PeriphDrivers/bin/MAX78000/softfp/libPeriphDriver_softfp.a(pins_ai85.o)
                0x000000001001d130                gpio_cfg_pcif_P0_BITS_8_9
 .rodata.gpio_cfg_pcif_P1_BITS_10_11
                0x000000001001d13c        0xc /Users/vinz/MaximSDK/Libraries/PeriphDrivers/bin/MAX78000/softfp/libPeriphDriver_softfp.a(pins_ai85.o)
                0x000000001001d13c                gpio_cfg_pcif_P1_BITS_10_11
 .rodata.gpio_cfg_pcif_hsync
                0x000000001001d148        0xc /Users/vinz/MaximSDK/Libraries/PeriphDrivers/bin/MAX78000/softfp/libPeriphDriver_softfp.a(pins_ai85.o)
                0x000000001001d148                gpio_cfg_pcif_hsync
 .rodata.gpio_cfg_pcif_vsync
                0x000000001001d154        0xc /Users/vinz/MaximSDK/Libraries/PeriphDrivers/bin/MAX78000/softfp/libPeriphDriver_softfp.a(pins_ai85.o)
                0x000000001001d154                gpio_cfg_pcif_vsync
 .rodata.gpio_cfg_pcif_xclk
                0x000000001001d160        0xc /Users/vinz/MaximSDK/Libraries/PeriphDrivers/bin/MAX78000/softfp/libPeriphDriver_softfp.a(pins_ai85.o)
                0x000000001001d160                gpio_cfg_pcif_xclk
 .rodata.gpio_cfg_pt0
                0x000000001001d16c        0xc /Users/vinz/MaximSDK/Libraries/PeriphDrivers/bin/MAX78000/softfp/libPeriphDriver_softfp.a(pins_ai85.o)
                0x000000001001d16c                gpio_cfg_pt0
 .rodata.gpio_cfg_pt1
                0x000000001001d178        0xc /Users/vinz/MaximSDK/Libraries/PeriphDrivers/bin/MAX78000/softfp/libPeriphDriver_softfp.a(pins_ai85.o)
                0x000000001001d178                gpio_cfg_pt1
 .rodata.gpio_cfg_pt2
                0x000000001001d184        0xc /Users/vinz/MaximSDK/Libraries/PeriphDrivers/bin/MAX78000/softfp/libPeriphDriver_softfp.a(pins_ai85.o)
                0x000000001001d184                gpio_cfg_pt2
 .rodata.gpio_cfg_pt3
                0x000000001001d190        0xc /Users/vinz/MaximSDK/Libraries/PeriphDrivers/bin/MAX78000/softfp/libPeriphDriver_softfp.a(pins_ai85.o)
                0x000000001001d190                gpio_cfg_pt3
 .rodata.gpio_cfg_tmr0
                0x000000001001d19c        0xc /Users/vinz/MaximSDK/Libraries/PeriphDrivers/bin/MAX78000/softfp/libPeriphDriver_softfp.a(pins_ai85.o)
                0x000000001001d19c                gpio_cfg_tmr0
 .rodata.gpio_cfg_tmr0b
                0x000000001001d1a8        0xc /Users/vinz/MaximSDK/Libraries/PeriphDrivers/bin/MAX78000/softfp/libPeriphDriver_softfp.a(pins_ai85.o)
                0x000000001001d1a8                gpio_cfg_tmr0b
 .rodata.gpio_cfg_tmr1
                0x000000001001d1b4        0xc /Users/vinz/MaximSDK/Libraries/PeriphDrivers/bin/MAX78000/softfp/libPeriphDriver_softfp.a(pins_ai85.o)
                0x000000001001d1b4                gpio_cfg_tmr1
 .rodata.gpio_cfg_tmr1b
                0x000000001001d1c0        0xc /Users/vinz/MaximSDK/Libraries/PeriphDrivers/bin/MAX78000/softfp/libPeriphDriver_softfp.a(pins_ai85.o)
                0x000000001001d1c0                gpio_cfg_tmr1b
 .rodata.gpio_cfg_tmr2
                0x000000001001d1cc        0xc /Users/vinz/MaximSDK/Libraries/PeriphDrivers/bin/MAX78000/softfp/libPeriphDriver_softfp.a(pins_ai85.o)
                0x000000001001d1cc                gpio_cfg_tmr2
 .rodata.gpio_cfg_tmr2b
                0x000000001001d1d8        0xc /Users/vinz/MaximSDK/Libraries/PeriphDrivers/bin/MAX78000/softfp/libPeriphDriver_softfp.a(pins_ai85.o)
                0x000000001001d1d8                gpio_cfg_tmr2b
 .rodata.gpio_cfg_tmr3
                0x000000001001d1e4        0xc /Users/vinz/MaximSDK/Libraries/PeriphDrivers/bin/MAX78000/softfp/libPeriphDriver_softfp.a(pins_ai85.o)
                0x000000001001d1e4                gpio_cfg_tmr3
 .rodata.gpio_cfg_tmr3b
                0x000000001001d1f0        0xc /Users/vinz/MaximSDK/Libraries/PeriphDrivers/bin/MAX78000/softfp/libPeriphDriver_softfp.a(pins_ai85.o)
                0x000000001001d1f0                gpio_cfg_tmr3b
 .rodata.gpio_cfg_tmr4
                0x000000001001d1fc        0xc /Users/vinz/MaximSDK/Libraries/PeriphDrivers/bin/MAX78000/softfp/libPeriphDriver_softfp.a(pins_ai85.o)